[    0.000000] Linux version 4.15.0-51-generic (buildd@lgw01-amd64-059) (gcc version 7.3.0 (Ubuntu 7.3.0-16ubuntu3)) #55-Ubuntu SMP Wed May 15 14:27:21 UTC 2019 (Ubuntu 4.15.0-51.55-generic 4.15.18)
[    0.000000] Command line: BOOT_IMAGE=/vmlinuz-4.15.0-51-generic root=UUID=0d2424ad-c5dc-4084-8982-717622cadbf6 ro quiet splash
[    0.000000] KERNEL supported cpus:
[    0.000000]   Intel GenuineIntel
[    0.000000]   AMD AuthenticAMD
[    0.000000]   Centaur CentaurHauls
[    0.000000] Disabled fast string operations
[    0.000000] x86/fpu: Supporting XSAVE feature 0x001: 'x87 floating point registers'
[    0.000000] x86/fpu: Supporting XSAVE feature 0x002: 'SSE registers'
[    0.000000] x86/fpu: Supporting XSAVE feature 0x004: 'AVX registers'
[    0.000000] x86/fpu: Supporting XSAVE feature 0x008: 'MPX bounds registers'
[    0.000000] x86/fpu: Supporting XSAVE feature 0x010: 'MPX CSR'
[    0.000000] x86/fpu: xstate_offset[2]:  576, xstate_sizes[2]:  256
[    0.000000] x86/fpu: xstate_offset[3]:  832, xstate_sizes[3]:   64
[    0.000000] x86/fpu: xstate_offset[4]:  896, xstate_sizes[4]:   64
[    0.000000] x86/fpu: Enabled xstate features 0x1f, context size is 960 bytes, using 'compacted' format.
[    0.000000] e820: BIOS-provided physical RAM map:
[    0.000000] BIOS-e820: [mem 0x0000000000000000-0x000000000009e7ff] usable
[    0.000000] BIOS-e820: [mem 0x000000000009e800-0x000000000009ffff] reserved
[    0.000000] BIOS-e820: [mem 0x00000000000dc000-0x00000000000fffff] reserved
[    0.000000] BIOS-e820: [mem 0x0000000000100000-0x00000000bfecffff] usable
[    0.000000] BIOS-e820: [mem 0x00000000bfed0000-0x00000000bfefefff] ACPI data
[    0.000000] BIOS-e820: [mem 0x00000000bfeff000-0x00000000bfefffff] ACPI NVS
[    0.000000] BIOS-e820: [mem 0x00000000bff00000-0x00000000bfffffff] usable
[    0.000000] BIOS-e820: [mem 0x00000000f0000000-0x00000000f7ffffff] reserved
[    0.000000] BIOS-e820: [mem 0x00000000fec00000-0x00000000fec0ffff] reserved
[    0.000000] BIOS-e820: [mem 0x00000000fee00000-0x00000000fee00fff] reserved
[    0.000000] BIOS-e820: [mem 0x00000000fffe0000-0x00000000ffffffff] reserved
[    0.000000] BIOS-e820: [mem 0x0000000100000000-0x000000023fffffff] usable
[    0.000000] NX (Execute Disable) protection: active
[    0.000000] SMBIOS 2.7 present.
[    0.000000] DMI: VMware, Inc. VMware Virtual Platform/440BX Desktop Reference Platform, BIOS 6.00 04/13/2018
[    0.000000] Hypervisor detected: VMware
[    0.000000] vmware: TSC freq read from hypervisor : 1992.000 MHz
[    0.000000] vmware: Host bus clock speed read from hypervisor : 66000000 Hz
[    0.000000] vmware: using sched offset of 14847060481 ns
[    0.000000] e820: update [mem 0x00000000-0x00000fff] usable ==> reserved
[    0.000000] e820: remove [mem 0x000a0000-0x000fffff] usable
[    0.000000] e820: last_pfn = 0x240000 max_arch_pfn = 0x400000000
[    0.000000] MTRR default type: uncachable
[    0.000000] MTRR fixed ranges enabled:
[    0.000000]   00000-9FFFF write-back
[    0.000000]   A0000-BFFFF uncachable
[    0.000000]   C0000-CFFFF write-protect
[    0.000000]   D0000-EFFFF uncachable
[    0.000000]   F0000-FFFFF write-protect
[    0.000000] MTRR variable ranges enabled:
[    0.000000]   0 base 00000000000 mask 7C000000000 write-back
[    0.000000]   1 base 000C0000000 mask 7FFC0000000 uncachable
[    0.000000]   2 disabled
[    0.000000]   3 disabled
[    0.000000]   4 disabled
[    0.000000]   5 disabled
[    0.000000]   6 disabled
[    0.000000]   7 disabled
[    0.000000] x86/PAT: Configuration [0-7]: WB  WC  UC- UC  WB  WP  UC- WT  
[    0.000000] total RAM covered: 261120M
[    0.000000]  gran_size: 64K 	chunk_size: 64K 	num_reg: 8  	lose cover RAM: 0G
[    0.000000]  gran_size: 64K 	chunk_size: 128K 	num_reg: 8  	lose cover RAM: 0G
[    0.000000]  gran_size: 64K 	chunk_size: 256K 	num_reg: 8  	lose cover RAM: 0G
[    0.000000]  gran_size: 64K 	chunk_size: 512K 	num_reg: 8  	lose cover RAM: 0G
[    0.000000]  gran_size: 64K 	chunk_size: 1M 	num_reg: 8  	lose cover RAM: 0G
[    0.000000]  gran_size: 64K 	chunk_size: 2M 	num_reg: 8  	lose cover RAM: 0G
[    0.000000]  gran_size: 64K 	chunk_size: 4M 	num_reg: 8  	lose cover RAM: 0G
[    0.000000]  gran_size: 64K 	chunk_size: 8M 	num_reg: 8  	lose cover RAM: 0G
[    0.000000]  gran_size: 64K 	chunk_size: 16M 	num_reg: 8  	lose cover RAM: 0G
[    0.000000]  gran_size: 64K 	chunk_size: 32M 	num_reg: 8  	lose cover RAM: 0G
[    0.000000]  gran_size: 64K 	chunk_size: 64M 	num_reg: 8  	lose cover RAM: 0G
[    0.000000]  gran_size: 64K 	chunk_size: 128M 	num_reg: 8  	lose cover RAM: 0G
[    0.000000]  gran_size: 64K 	chunk_size: 256M 	num_reg: 8  	lose cover RAM: 0G
[    0.000000]  gran_size: 64K 	chunk_size: 512M 	num_reg: 8  	lose cover RAM: 0G
[    0.000000]  gran_size: 64K 	chunk_size: 1G 	num_reg: 8  	lose cover RAM: 0G
[    0.000000]  gran_size: 64K 	chunk_size: 2G 	num_reg: 8  	lose cover RAM: 0G
[    0.000000]  gran_size: 128K 	chunk_size: 128K 	num_reg: 8  	lose cover RAM: 0G
[    0.000000]  gran_size: 128K 	chunk_size: 256K 	num_reg: 8  	lose cover RAM: 0G
[    0.000000]  gran_size: 128K 	chunk_size: 512K 	num_reg: 8  	lose cover RAM: 0G
[    0.000000]  gran_size: 128K 	chunk_size: 1M 	num_reg: 8  	lose cover RAM: 0G
[    0.000000]  gran_size: 128K 	chunk_size: 2M 	num_reg: 8  	lose cover RAM: 0G
[    0.000000]  gran_size: 128K 	chunk_size: 4M 	num_reg: 8  	lose cover RAM: 0G
[    0.000000]  gran_size: 128K 	chunk_size: 8M 	num_reg: 8  	lose cover RAM: 0G
[    0.000000]  gran_size: 128K 	chunk_size: 16M 	num_reg: 8  	lose cover RAM: 0G
[    0.000000]  gran_size: 128K 	chunk_size: 32M 	num_reg: 8  	lose cover RAM: 0G
[    0.000000]  gran_size: 128K 	chunk_size: 64M 	num_reg: 8  	lose cover RAM: 0G
[    0.000000]  gran_size: 128K 	chunk_size: 128M 	num_reg: 8  	lose cover RAM: 0G
[    0.000000]  gran_size: 128K 	chunk_size: 256M 	num_reg: 8  	lose cover RAM: 0G
[    0.000000]  gran_size: 128K 	chunk_size: 512M 	num_reg: 8  	lose cover RAM: 0G
[    0.000000]  gran_size: 128K 	chunk_size: 1G 	num_reg: 8  	lose cover RAM: 0G
[    0.000000]  gran_size: 128K 	chunk_size: 2G 	num_reg: 8  	lose cover RAM: 0G
[    0.000000]  gran_size: 256K 	chunk_size: 256K 	num_reg: 8  	lose cover RAM: 0G
[    0.000000]  gran_size: 256K 	chunk_size: 512K 	num_reg: 8  	lose cover RAM: 0G
[    0.000000]  gran_size: 256K 	chunk_size: 1M 	num_reg: 8  	lose cover RAM: 0G
[    0.000000]  gran_size: 256K 	chunk_size: 2M 	num_reg: 8  	lose cover RAM: 0G
[    0.000000]  gran_size: 256K 	chunk_size: 4M 	num_reg: 8  	lose cover RAM: 0G
[    0.000000]  gran_size: 256K 	chunk_size: 8M 	num_reg: 8  	lose cover RAM: 0G
[    0.000000]  gran_size: 256K 	chunk_size: 16M 	num_reg: 8  	lose cover RAM: 0G
[    0.000000]  gran_size: 256K 	chunk_size: 32M 	num_reg: 8  	lose cover RAM: 0G
[    0.000000]  gran_size: 256K 	chunk_size: 64M 	num_reg: 8  	lose cover RAM: 0G
[    0.000000]  gran_size: 256K 	chunk_size: 128M 	num_reg: 8  	lose cover RAM: 0G
[    0.000000]  gran_size: 256K 	chunk_size: 256M 	num_reg: 8  	lose cover RAM: 0G
[    0.000000]  gran_size: 256K 	chunk_size: 512M 	num_reg: 8  	lose cover RAM: 0G
[    0.000000]  gran_size: 256K 	chunk_size: 1G 	num_reg: 8  	lose cover RAM: 0G
[    0.000000]  gran_size: 256K 	chunk_size: 2G 	num_reg: 8  	lose cover RAM: 0G
[    0.000000]  gran_size: 512K 	chunk_size: 512K 	num_reg: 8  	lose cover RAM: 0G
[    0.000000]  gran_size: 512K 	chunk_size: 1M 	num_reg: 8  	lose cover RAM: 0G
[    0.000000]  gran_size: 512K 	chunk_size: 2M 	num_reg: 8  	lose cover RAM: 0G
[    0.000000]  gran_size: 512K 	chunk_size: 4M 	num_reg: 8  	lose cover RAM: 0G
[    0.000000]  gran_size: 512K 	chunk_size: 8M 	num_reg: 8  	lose cover RAM: 0G
[    0.000000]  gran_size: 512K 	chunk_size: 16M 	num_reg: 8  	lose cover RAM: 0G
[    0.000000]  gran_size: 512K 	chunk_size: 32M 	num_reg: 8  	lose cover RAM: 0G
[    0.000000]  gran_size: 512K 	chunk_size: 64M 	num_reg: 8  	lose cover RAM: 0G
[    0.000000]  gran_size: 512K 	chunk_size: 128M 	num_reg: 8  	lose cover RAM: 0G
[    0.000000]  gran_size: 512K 	chunk_size: 256M 	num_reg: 8  	lose cover RAM: 0G
[    0.000000]  gran_size: 512K 	chunk_size: 512M 	num_reg: 8  	lose cover RAM: 0G
[    0.000000]  gran_size: 512K 	chunk_size: 1G 	num_reg: 8  	lose cover RAM: 0G
[    0.000000]  gran_size: 512K 	chunk_size: 2G 	num_reg: 8  	lose cover RAM: 0G
[    0.000000]  gran_size: 1M 	chunk_size: 1M 	num_reg: 8  	lose cover RAM: 0G
[    0.000000]  gran_size: 1M 	chunk_size: 2M 	num_reg: 8  	lose cover RAM: 0G
[    0.000000]  gran_size: 1M 	chunk_size: 4M 	num_reg: 8  	lose cover RAM: 0G
[    0.000000]  gran_size: 1M 	chunk_size: 8M 	num_reg: 8  	lose cover RAM: 0G
[    0.000000]  gran_size: 1M 	chunk_size: 16M 	num_reg: 8  	lose cover RAM: 0G
[    0.000000]  gran_size: 1M 	chunk_size: 32M 	num_reg: 8  	lose cover RAM: 0G
[    0.000000]  gran_size: 1M 	chunk_size: 64M 	num_reg: 8  	lose cover RAM: 0G
[    0.000000]  gran_size: 1M 	chunk_size: 128M 	num_reg: 8  	lose cover RAM: 0G
[    0.000000]  gran_size: 1M 	chunk_size: 256M 	num_reg: 8  	lose cover RAM: 0G
[    0.000000]  gran_size: 1M 	chunk_size: 512M 	num_reg: 8  	lose cover RAM: 0G
[    0.000000]  gran_size: 1M 	chunk_size: 1G 	num_reg: 8  	lose cover RAM: 0G
[    0.000000]  gran_size: 1M 	chunk_size: 2G 	num_reg: 8  	lose cover RAM: 0G
[    0.000000]  gran_size: 2M 	chunk_size: 2M 	num_reg: 8  	lose cover RAM: 0G
[    0.000000]  gran_size: 2M 	chunk_size: 4M 	num_reg: 8  	lose cover RAM: 0G
[    0.000000]  gran_size: 2M 	chunk_size: 8M 	num_reg: 8  	lose cover RAM: 0G
[    0.000000]  gran_size: 2M 	chunk_size: 16M 	num_reg: 8  	lose cover RAM: 0G
[    0.000000]  gran_size: 2M 	chunk_size: 32M 	num_reg: 8  	lose cover RAM: 0G
[    0.000000]  gran_size: 2M 	chunk_size: 64M 	num_reg: 8  	lose cover RAM: 0G
[    0.000000]  gran_size: 2M 	chunk_size: 128M 	num_reg: 8  	lose cover RAM: 0G
[    0.000000]  gran_size: 2M 	chunk_size: 256M 	num_reg: 8  	lose cover RAM: 0G
[    0.000000]  gran_size: 2M 	chunk_size: 512M 	num_reg: 8  	lose cover RAM: 0G
[    0.000000]  gran_size: 2M 	chunk_size: 1G 	num_reg: 8  	lose cover RAM: 0G
[    0.000000]  gran_size: 2M 	chunk_size: 2G 	num_reg: 8  	lose cover RAM: 0G
[    0.000000]  gran_size: 4M 	chunk_size: 4M 	num_reg: 8  	lose cover RAM: 0G
[    0.000000]  gran_size: 4M 	chunk_size: 8M 	num_reg: 8  	lose cover RAM: 0G
[    0.000000]  gran_size: 4M 	chunk_size: 16M 	num_reg: 8  	lose cover RAM: 0G
[    0.000000]  gran_size: 4M 	chunk_size: 32M 	num_reg: 8  	lose cover RAM: 0G
[    0.000000]  gran_size: 4M 	chunk_size: 64M 	num_reg: 8  	lose cover RAM: 0G
[    0.000000]  gran_size: 4M 	chunk_size: 128M 	num_reg: 8  	lose cover RAM: 0G
[    0.000000]  gran_size: 4M 	chunk_size: 256M 	num_reg: 8  	lose cover RAM: 0G
[    0.000000]  gran_size: 4M 	chunk_size: 512M 	num_reg: 8  	lose cover RAM: 0G
[    0.000000]  gran_size: 4M 	chunk_size: 1G 	num_reg: 8  	lose cover RAM: 0G
[    0.000000]  gran_size: 4M 	chunk_size: 2G 	num_reg: 8  	lose cover RAM: 0G
[    0.000000]  gran_size: 8M 	chunk_size: 8M 	num_reg: 8  	lose cover RAM: 0G
[    0.000000]  gran_size: 8M 	chunk_size: 16M 	num_reg: 8  	lose cover RAM: 0G
[    0.000000]  gran_size: 8M 	chunk_size: 32M 	num_reg: 8  	lose cover RAM: 0G
[    0.000000]  gran_size: 8M 	chunk_size: 64M 	num_reg: 8  	lose cover RAM: 0G
[    0.000000]  gran_size: 8M 	chunk_size: 128M 	num_reg: 8  	lose cover RAM: 0G
[    0.000000]  gran_size: 8M 	chunk_size: 256M 	num_reg: 8  	lose cover RAM: 0G
[    0.000000]  gran_size: 8M 	chunk_size: 512M 	num_reg: 8  	lose cover RAM: 0G
[    0.000000]  gran_size: 8M 	chunk_size: 1G 	num_reg: 8  	lose cover RAM: 0G
[    0.000000]  gran_size: 8M 	chunk_size: 2G 	num_reg: 8  	lose cover RAM: 0G
[    0.000000]  gran_size: 16M 	chunk_size: 16M 	num_reg: 8  	lose cover RAM: 0G
[    0.000000]  gran_size: 16M 	chunk_size: 32M 	num_reg: 8  	lose cover RAM: 0G
[    0.000000]  gran_size: 16M 	chunk_size: 64M 	num_reg: 8  	lose cover RAM: 0G
[    0.000000]  gran_size: 16M 	chunk_size: 128M 	num_reg: 8  	lose cover RAM: 0G
[    0.000000]  gran_size: 16M 	chunk_size: 256M 	num_reg: 8  	lose cover RAM: 0G
[    0.000000]  gran_size: 16M 	chunk_size: 512M 	num_reg: 8  	lose cover RAM: 0G
[    0.000000]  gran_size: 16M 	chunk_size: 1G 	num_reg: 8  	lose cover RAM: 0G
[    0.000000]  gran_size: 16M 	chunk_size: 2G 	num_reg: 8  	lose cover RAM: 0G
[    0.000000]  gran_size: 32M 	chunk_size: 32M 	num_reg: 8  	lose cover RAM: 0G
[    0.000000]  gran_size: 32M 	chunk_size: 64M 	num_reg: 8  	lose cover RAM: 0G
[    0.000000]  gran_size: 32M 	chunk_size: 128M 	num_reg: 8  	lose cover RAM: 0G
[    0.000000]  gran_size: 32M 	chunk_size: 256M 	num_reg: 8  	lose cover RAM: 0G
[    0.000000]  gran_size: 32M 	chunk_size: 512M 	num_reg: 8  	lose cover RAM: 0G
[    0.000000]  gran_size: 32M 	chunk_size: 1G 	num_reg: 8  	lose cover RAM: 0G
[    0.000000]  gran_size: 32M 	chunk_size: 2G 	num_reg: 8  	lose cover RAM: 0G
[    0.000000]  gran_size: 64M 	chunk_size: 64M 	num_reg: 8  	lose cover RAM: 0G
[    0.000000]  gran_size: 64M 	chunk_size: 128M 	num_reg: 8  	lose cover RAM: 0G
[    0.000000]  gran_size: 64M 	chunk_size: 256M 	num_reg: 8  	lose cover RAM: 0G
[    0.000000]  gran_size: 64M 	chunk_size: 512M 	num_reg: 8  	lose cover RAM: 0G
[    0.000000]  gran_size: 64M 	chunk_size: 1G 	num_reg: 8  	lose cover RAM: 0G
[    0.000000]  gran_size: 64M 	chunk_size: 2G 	num_reg: 8  	lose cover RAM: 0G
[    0.000000]  gran_size: 128M 	chunk_size: 128M 	num_reg: 8  	lose cover RAM: 0G
[    0.000000]  gran_size: 128M 	chunk_size: 256M 	num_reg: 8  	lose cover RAM: 0G
[    0.000000]  gran_size: 128M 	chunk_size: 512M 	num_reg: 8  	lose cover RAM: 0G
[    0.000000]  gran_size: 128M 	chunk_size: 1G 	num_reg: 8  	lose cover RAM: 0G
[    0.000000]  gran_size: 128M 	chunk_size: 2G 	num_reg: 8  	lose cover RAM: 0G
[    0.000000]  gran_size: 256M 	chunk_size: 256M 	num_reg: 8  	lose cover RAM: 0G
[    0.000000]  gran_size: 256M 	chunk_size: 512M 	num_reg: 8  	lose cover RAM: 0G
[    0.000000]  gran_size: 256M 	chunk_size: 1G 	num_reg: 8  	lose cover RAM: 0G
[    0.000000]  gran_size: 256M 	chunk_size: 2G 	num_reg: 8  	lose cover RAM: 0G
[    0.000000]  gran_size: 512M 	chunk_size: 512M 	num_reg: 8  	lose cover RAM: 0G
[    0.000000]  gran_size: 512M 	chunk_size: 1G 	num_reg: 8  	lose cover RAM: 0G
[    0.000000]  gran_size: 512M 	chunk_size: 2G 	num_reg: 8  	lose cover RAM: 0G
[    0.000000]  gran_size: 1G 	chunk_size: 1G 	num_reg: 8  	lose cover RAM: 0G
[    0.000000]  gran_size: 1G 	chunk_size: 2G 	num_reg: 8  	lose cover RAM: 0G
[    0.000000]  gran_size: 2G 	chunk_size: 2G 	num_reg: 7  	lose cover RAM: 1G
[    0.000000] mtrr_cleanup: can not find optimal value
[    0.000000] please specify mtrr_gran_size/mtrr_chunk_size
[    0.000000] e820: update [mem 0xc0000000-0xffffffff] usable ==> reserved
[    0.000000] e820: last_pfn = 0xc0000 max_arch_pfn = 0x400000000
[    0.000000] found SMP MP-table at [mem 0x000f6a80-0x000f6a8f] mapped at [        (ptrval)]
[    0.000000] Scanning 1 areas for low memory corruption
[    0.000000] Base memory trampoline at [        (ptrval)] 98000 size 24576
[    0.000000] Using GB pages for direct mapping
[    0.000000] BRK [0x179d40000, 0x179d40fff] PGTABLE
[    0.000000] BRK [0x179d41000, 0x179d41fff] PGTABLE
[    0.000000] BRK [0x179d42000, 0x179d42fff] PGTABLE
[    0.000000] BRK [0x179d43000, 0x179d43fff] PGTABLE
[    0.000000] BRK [0x179d44000, 0x179d44fff] PGTABLE
[    0.000000] BRK [0x179d45000, 0x179d45fff] PGTABLE
[    0.000000] RAMDISK: [mem 0x33607000-0x35afafff]
[    0.000000] ACPI: Early table checksum verification disabled
[    0.000000] ACPI: RSDP 0x00000000000F6A10 000024 (v02 PTLTD )
[    0.000000] ACPI: XSDT 0x00000000BFEDB5D7 000064 (v01 INTEL  440BX    06040000 VMW  01324272)
[    0.000000] ACPI: FACP 0x00000000BFEFEE73 0000F4 (v04 INTEL  440BX    06040000 PTL  000F4240)
[    0.000000] ACPI: DSDT 0x00000000BFEDD5F1 021882 (v01 PTLTD  Custom   06040000 MSFT 03000001)
[    0.000000] ACPI: FACS 0x00000000BFEFFFC0 000040
[    0.000000] ACPI: FACS 0x00000000BFEFFFC0 000040
[    0.000000] ACPI: BOOT 0x00000000BFEDD5C9 000028 (v01 PTLTD  $SBFTBL$ 06040000  LTP 00000001)
[    0.000000] ACPI: APIC 0x00000000BFEDC8BD 000742 (v01 PTLTD  ? APIC   06040000  LTP 00000000)
[    0.000000] ACPI: MCFG 0x00000000BFEDC881 00003C (v01 PTLTD  $PCITBL$ 06040000  LTP 00000001)
[    0.000000] ACPI: SRAT 0x00000000BFEDB72F 0008D0 (v02 VMWARE MEMPLUG  06040000 VMW  00000001)
[    0.000000] ACPI: HPET 0x00000000BFEDB6F7 000038 (v01 VMWARE VMW HPET 06040000 VMW  00000001)
[    0.000000] ACPI: WAET 0x00000000BFEDB6CF 000028 (v01 VMWARE VMW WAET 06040000 VMW  00000001)
[    0.000000] ACPI: DMAR 0x00000000BFEDB67F 000050 (v01 VMWARE VMW DMAR 06040000 VMW  00000001)
[    0.000000] ACPI: Local APIC address 0xfee00000
[    0.000000] system APIC only can use physical flat
[    0.000000] Setting APIC routing to physical flat.
[    0.000000] SRAT: PXM 0 -> APIC 0x00 -> Node 0
[    0.000000] SRAT: PXM 0 -> APIC 0x02 -> Node 0
[    0.000000] SRAT: PXM 0 -> APIC 0x04 -> Node 0
[    0.000000] SRAT: PXM 0 -> APIC 0x06 -> Node 0
[    0.000000] SRAT: PXM 0 -> APIC 0x08 -> Node 0
[    0.000000] SRAT: PXM 0 -> APIC 0x0a -> Node 0
[    0.000000] SRAT: PXM 0 -> APIC 0x0c -> Node 0
[    0.000000] SRAT: PXM 0 -> APIC 0x0e -> Node 0
[    0.000000] SRAT: PXM 0 -> APIC 0x10 -> Node 0
[    0.000000] SRAT: PXM 0 -> APIC 0x12 -> Node 0
[    0.000000] SRAT: PXM 0 -> APIC 0x14 -> Node 0
[    0.000000] SRAT: PXM 0 -> APIC 0x16 -> Node 0
[    0.000000] SRAT: PXM 0 -> APIC 0x18 -> Node 0
[    0.000000] SRAT: PXM 0 -> APIC 0x1a -> Node 0
[    0.000000] SRAT: PXM 0 -> APIC 0x1c -> Node 0
[    0.000000] SRAT: PXM 0 -> APIC 0x1e -> Node 0
[    0.000000] SRAT: PXM 0 -> APIC 0x20 -> Node 0
[    0.000000] SRAT: PXM 0 -> APIC 0x22 -> Node 0
[    0.000000] SRAT: PXM 0 -> APIC 0x24 -> Node 0
[    0.000000] SRAT: PXM 0 -> APIC 0x26 -> Node 0
[    0.000000] SRAT: PXM 0 -> APIC 0x28 -> Node 0
[    0.000000] SRAT: PXM 0 -> APIC 0x2a -> Node 0
[    0.000000] SRAT: PXM 0 -> APIC 0x2c -> Node 0
[    0.000000] SRAT: PXM 0 -> APIC 0x2e -> Node 0
[    0.000000] SRAT: PXM 0 -> APIC 0x30 -> Node 0
[    0.000000] SRAT: PXM 0 -> APIC 0x32 -> Node 0
[    0.000000] SRAT: PXM 0 -> APIC 0x34 -> Node 0
[    0.000000] SRAT: PXM 0 -> APIC 0x36 -> Node 0
[    0.000000] SRAT: PXM 0 -> APIC 0x38 -> Node 0
[    0.000000] SRAT: PXM 0 -> APIC 0x3a -> Node 0
[    0.000000] SRAT: PXM 0 -> APIC 0x3c -> Node 0
[    0.000000] SRAT: PXM 0 -> APIC 0x3e -> Node 0
[    0.000000] SRAT: PXM 0 -> APIC 0x40 -> Node 0
[    0.000000] SRAT: PXM 0 -> APIC 0x42 -> Node 0
[    0.000000] SRAT: PXM 0 -> APIC 0x44 -> Node 0
[    0.000000] SRAT: PXM 0 -> APIC 0x46 -> Node 0
[    0.000000] SRAT: PXM 0 -> APIC 0x48 -> Node 0
[    0.000000] SRAT: PXM 0 -> APIC 0x4a -> Node 0
[    0.000000] SRAT: PXM 0 -> APIC 0x4c -> Node 0
[    0.000000] SRAT: PXM 0 -> APIC 0x4e -> Node 0
[    0.000000] SRAT: PXM 0 -> APIC 0x50 -> Node 0
[    0.000000] SRAT: PXM 0 -> APIC 0x52 -> Node 0
[    0.000000] SRAT: PXM 0 -> APIC 0x54 -> Node 0
[    0.000000] SRAT: PXM 0 -> APIC 0x56 -> Node 0
[    0.000000] SRAT: PXM 0 -> APIC 0x58 -> Node 0
[    0.000000] SRAT: PXM 0 -> APIC 0x5a -> Node 0
[    0.000000] SRAT: PXM 0 -> APIC 0x5c -> Node 0
[    0.000000] SRAT: PXM 0 -> APIC 0x5e -> Node 0
[    0.000000] SRAT: PXM 0 -> APIC 0x60 -> Node 0
[    0.000000] SRAT: PXM 0 -> APIC 0x62 -> Node 0
[    0.000000] SRAT: PXM 0 -> APIC 0x64 -> Node 0
[    0.000000] SRAT: PXM 0 -> APIC 0x66 -> Node 0
[    0.000000] SRAT: PXM 0 -> APIC 0x68 -> Node 0
[    0.000000] SRAT: PXM 0 -> APIC 0x6a -> Node 0
[    0.000000] SRAT: PXM 0 -> APIC 0x6c -> Node 0
[    0.000000] SRAT: PXM 0 -> APIC 0x6e -> Node 0
[    0.000000] SRAT: PXM 0 -> APIC 0x70 -> Node 0
[    0.000000] SRAT: PXM 0 -> APIC 0x72 -> Node 0
[    0.000000] SRAT: PXM 0 -> APIC 0x74 -> Node 0
[    0.000000] SRAT: PXM 0 -> APIC 0x76 -> Node 0
[    0.000000] SRAT: PXM 0 -> APIC 0x78 -> Node 0
[    0.000000] SRAT: PXM 0 -> APIC 0x7a -> Node 0
[    0.000000] SRAT: PXM 0 -> APIC 0x7c -> Node 0
[    0.000000] SRAT: PXM 0 -> APIC 0x7e -> Node 0
[    0.000000] SRAT: PXM 0 -> APIC 0x80 -> Node 0
[    0.000000] SRAT: PXM 0 -> APIC 0x82 -> Node 0
[    0.000000] SRAT: PXM 0 -> APIC 0x84 -> Node 0
[    0.000000] SRAT: PXM 0 -> APIC 0x86 -> Node 0
[    0.000000] SRAT: PXM 0 -> APIC 0x88 -> Node 0
[    0.000000] SRAT: PXM 0 -> APIC 0x8a -> Node 0
[    0.000000] SRAT: PXM 0 -> APIC 0x8c -> Node 0
[    0.000000] SRAT: PXM 0 -> APIC 0x8e -> Node 0
[    0.000000] SRAT: PXM 0 -> APIC 0x90 -> Node 0
[    0.000000] SRAT: PXM 0 -> APIC 0x92 -> Node 0
[    0.000000] SRAT: PXM 0 -> APIC 0x94 -> Node 0
[    0.000000] SRAT: PXM 0 -> APIC 0x96 -> Node 0
[    0.000000] SRAT: PXM 0 -> APIC 0x98 -> Node 0
[    0.000000] SRAT: PXM 0 -> APIC 0x9a -> Node 0
[    0.000000] SRAT: PXM 0 -> APIC 0x9c -> Node 0
[    0.000000] SRAT: PXM 0 -> APIC 0x9e -> Node 0
[    0.000000] SRAT: PXM 0 -> APIC 0xa0 -> Node 0
[    0.000000] SRAT: PXM 0 -> APIC 0xa2 -> Node 0
[    0.000000] SRAT: PXM 0 -> APIC 0xa4 -> Node 0
[    0.000000] SRAT: PXM 0 -> APIC 0xa6 -> Node 0
[    0.000000] SRAT: PXM 0 -> APIC 0xa8 -> Node 0
[    0.000000] SRAT: PXM 0 -> APIC 0xaa -> Node 0
[    0.000000] SRAT: PXM 0 -> APIC 0xac -> Node 0
[    0.000000] SRAT: PXM 0 -> APIC 0xae -> Node 0
[    0.000000] SRAT: PXM 0 -> APIC 0xb0 -> Node 0
[    0.000000] SRAT: PXM 0 -> APIC 0xb2 -> Node 0
[    0.000000] SRAT: PXM 0 -> APIC 0xb4 -> Node 0
[    0.000000] SRAT: PXM 0 -> APIC 0xb6 -> Node 0
[    0.000000] SRAT: PXM 0 -> APIC 0xb8 -> Node 0
[    0.000000] SRAT: PXM 0 -> APIC 0xba -> Node 0
[    0.000000] SRAT: PXM 0 -> APIC 0xbc -> Node 0
[    0.000000] SRAT: PXM 0 -> APIC 0xbe -> Node 0
[    0.000000] SRAT: PXM 0 -> APIC 0xc0 -> Node 0
[    0.000000] SRAT: PXM 0 -> APIC 0xc2 -> Node 0
[    0.000000] SRAT: PXM 0 -> APIC 0xc4 -> Node 0
[    0.000000] SRAT: PXM 0 -> APIC 0xc6 -> Node 0
[    0.000000] SRAT: PXM 0 -> APIC 0xc8 -> Node 0
[    0.000000] SRAT: PXM 0 -> APIC 0xca -> Node 0
[    0.000000] SRAT: PXM 0 -> APIC 0xcc -> Node 0
[    0.000000] SRAT: PXM 0 -> APIC 0xce -> Node 0
[    0.000000] SRAT: PXM 0 -> APIC 0xd0 -> Node 0
[    0.000000] SRAT: PXM 0 -> APIC 0xd2 -> Node 0
[    0.000000] SRAT: PXM 0 -> APIC 0xd4 -> Node 0
[    0.000000] SRAT: PXM 0 -> APIC 0xd6 -> Node 0
[    0.000000] SRAT: PXM 0 -> APIC 0xd8 -> Node 0
[    0.000000] SRAT: PXM 0 -> APIC 0xda -> Node 0
[    0.000000] SRAT: PXM 0 -> APIC 0xdc -> Node 0
[    0.000000] SRAT: PXM 0 -> APIC 0xde -> Node 0
[    0.000000] SRAT: PXM 0 -> APIC 0xe0 -> Node 0
[    0.000000] SRAT: PXM 0 -> APIC 0xe2 -> Node 0
[    0.000000] SRAT: PXM 0 -> APIC 0xe4 -> Node 0
[    0.000000] SRAT: PXM 0 -> APIC 0xe6 -> Node 0
[    0.000000] SRAT: PXM 0 -> APIC 0xe8 -> Node 0
[    0.000000] SRAT: PXM 0 -> APIC 0xea -> Node 0
[    0.000000] SRAT: PXM 0 -> APIC 0xec -> Node 0
[    0.000000] SRAT: PXM 0 -> APIC 0xee -> Node 0
[    0.000000] SRAT: PXM 0 -> APIC 0xf0 -> Node 0
[    0.000000] SRAT: PXM 0 -> APIC 0xf2 -> Node 0
[    0.000000] SRAT: PXM 0 -> APIC 0xf4 -> Node 0
[    0.000000] SRAT: PXM 0 -> APIC 0xf6 -> Node 0
[    0.000000] SRAT: PXM 0 -> APIC 0xf8 -> Node 0
[    0.000000] SRAT: PXM 0 -> APIC 0xfa -> Node 0
[    0.000000] SRAT: PXM 0 -> APIC 0xfc -> Node 0
[    0.000000] SRAT: PXM 0 -> APIC 0xfe -> Node 0
[    0.000000] ACPI: SRAT: Node 0 PXM 0 [mem 0x00000000-0x0009ffff]
[    0.000000] ACPI: SRAT: Node 0 PXM 0 [mem 0x00100000-0xbfffffff]
[    0.000000] ACPI: SRAT: Node 0 PXM 0 [mem 0x100000000-0x23fffffff]
[    0.000000] ACPI: SRAT: Node 0 PXM 0 [mem 0x240000000-0x203fffffff] hotplug
[    0.000000] NUMA: Node 0 [mem 0x00000000-0x0009ffff] + [mem 0x00100000-0xbfffffff] -> [mem 0x00000000-0xbfffffff]
[    0.000000] NUMA: Node 0 [mem 0x00000000-0xbfffffff] + [mem 0x100000000-0x23fffffff] -> [mem 0x00000000-0x23fffffff]
[    0.000000] NODE_DATA(0) allocated [mem 0x23ffd5000-0x23fffffff]
[    0.000000] Zone ranges:
[    0.000000]   DMA      [mem 0x0000000000001000-0x0000000000ffffff]
[    0.000000]   DMA32    [mem 0x0000000001000000-0x00000000ffffffff]
[    0.000000]   Normal   [mem 0x0000000100000000-0x000000023fffffff]
[    0.000000]   Device   empty
[    0.000000] Movable zone start for each node
[    0.000000] Early memory node ranges
[    0.000000]   node   0: [mem 0x0000000000001000-0x000000000009dfff]
[    0.000000]   node   0: [mem 0x0000000000100000-0x00000000bfecffff]
[    0.000000]   node   0: [mem 0x00000000bff00000-0x00000000bfffffff]
[    0.000000]   node   0: [mem 0x0000000100000000-0x000000023fffffff]
[    0.000000] Reserved but unavailable: 147 pages
[    0.000000] Initmem setup node 0 [mem 0x0000000000001000-0x000000023fffffff]
[    0.000000] On node 0 totalpages: 2097005
[    0.000000]   DMA zone: 64 pages used for memmap
[    0.000000]   DMA zone: 21 pages reserved
[    0.000000]   DMA zone: 3997 pages, LIFO batch:0
[    0.000000]   DMA32 zone: 12224 pages used for memmap
[    0.000000]   DMA32 zone: 782288 pages, LIFO batch:31
[    0.000000]   Normal zone: 20480 pages used for memmap
[    0.000000]   Normal zone: 1310720 pages, LIFO batch:31
[    0.000000] ACPI: PM-Timer IO Port: 0x1008
[    0.000000] ACPI: Local APIC address 0xfee00000
[    0.000000] system APIC only can use physical flat
[    0.000000] ACPI: LAPIC_NMI (acpi_id[0x00] high edge lint[0x1])
[    0.000000] ACPI: LAPIC_NMI (acpi_id[0x01] high edge lint[0x1])
[    0.000000] ACPI: LAPIC_NMI (acpi_id[0x02] high edge lint[0x1])
[    0.000000] ACPI: LAPIC_NMI (acpi_id[0x03] high edge lint[0x1])
[    0.000000] ACPI: LAPIC_NMI (acpi_id[0x04] high edge lint[0x1])
[    0.000000] ACPI: LAPIC_NMI (acpi_id[0x05] high edge lint[0x1])
[    0.000000] ACPI: LAPIC_NMI (acpi_id[0x06] high edge lint[0x1])
[    0.000000] ACPI: LAPIC_NMI (acpi_id[0x07] high edge lint[0x1])
[    0.000000] ACPI: LAPIC_NMI (acpi_id[0x08] high edge lint[0x1])
[    0.000000] ACPI: LAPIC_NMI (acpi_id[0x09] high edge lint[0x1])
[    0.000000] ACPI: LAPIC_NMI (acpi_id[0x0a] high edge lint[0x1])
[    0.000000] ACPI: LAPIC_NMI (acpi_id[0x0b] high edge lint[0x1])
[    0.000000] ACPI: LAPIC_NMI (acpi_id[0x0c] high edge lint[0x1])
[    0.000000] ACPI: LAPIC_NMI (acpi_id[0x0d] high edge lint[0x1])
[    0.000000] ACPI: LAPIC_NMI (acpi_id[0x0e] high edge lint[0x1])
[    0.000000] ACPI: LAPIC_NMI (acpi_id[0x0f] high edge lint[0x1])
[    0.000000] ACPI: LAPIC_NMI (acpi_id[0x10] high edge lint[0x1])
[    0.000000] ACPI: LAPIC_NMI (acpi_id[0x11] high edge lint[0x1])
[    0.000000] ACPI: LAPIC_NMI (acpi_id[0x12] high edge lint[0x1])
[    0.000000] ACPI: LAPIC_NMI (acpi_id[0x13] high edge lint[0x1])
[    0.000000] ACPI: LAPIC_NMI (acpi_id[0x14] high edge lint[0x1])
[    0.000000] ACPI: LAPIC_NMI (acpi_id[0x15] high edge lint[0x1])
[    0.000000] ACPI: LAPIC_NMI (acpi_id[0x16] high edge lint[0x1])
[    0.000000] ACPI: LAPIC_NMI (acpi_id[0x17] high edge lint[0x1])
[    0.000000] ACPI: LAPIC_NMI (acpi_id[0x18] high edge lint[0x1])
[    0.000000] ACPI: LAPIC_NMI (acpi_id[0x19] high edge lint[0x1])
[    0.000000] ACPI: LAPIC_NMI (acpi_id[0x1a] high edge lint[0x1])
[    0.000000] ACPI: LAPIC_NMI (acpi_id[0x1b] high edge lint[0x1])
[    0.000000] ACPI: LAPIC_NMI (acpi_id[0x1c] high edge lint[0x1])
[    0.000000] ACPI: LAPIC_NMI (acpi_id[0x1d] high edge lint[0x1])
[    0.000000] ACPI: LAPIC_NMI (acpi_id[0x1e] high edge lint[0x1])
[    0.000000] ACPI: LAPIC_NMI (acpi_id[0x1f] high edge lint[0x1])
[    0.000000] ACPI: LAPIC_NMI (acpi_id[0x20] high edge lint[0x1])
[    0.000000] ACPI: LAPIC_NMI (acpi_id[0x21] high edge lint[0x1])
[    0.000000] ACPI: LAPIC_NMI (acpi_id[0x22] high edge lint[0x1])
[    0.000000] ACPI: LAPIC_NMI (acpi_id[0x23] high edge lint[0x1])
[    0.000000] ACPI: LAPIC_NMI (acpi_id[0x24] high edge lint[0x1])
[    0.000000] ACPI: LAPIC_NMI (acpi_id[0x25] high edge lint[0x1])
[    0.000000] ACPI: LAPIC_NMI (acpi_id[0x26] high edge lint[0x1])
[    0.000000] ACPI: LAPIC_NMI (acpi_id[0x27] high edge lint[0x1])
[    0.000000] ACPI: LAPIC_NMI (acpi_id[0x28] high edge lint[0x1])
[    0.000000] ACPI: LAPIC_NMI (acpi_id[0x29] high edge lint[0x1])
[    0.000000] ACPI: LAPIC_NMI (acpi_id[0x2a] high edge lint[0x1])
[    0.000000] ACPI: LAPIC_NMI (acpi_id[0x2b] high edge lint[0x1])
[    0.000000] ACPI: LAPIC_NMI (acpi_id[0x2c] high edge lint[0x1])
[    0.000000] ACPI: LAPIC_NMI (acpi_id[0x2d] high edge lint[0x1])
[    0.000000] ACPI: LAPIC_NMI (acpi_id[0x2e] high edge lint[0x1])
[    0.000000] ACPI: LAPIC_NMI (acpi_id[0x2f] high edge lint[0x1])
[    0.000000] ACPI: LAPIC_NMI (acpi_id[0x30] high edge lint[0x1])
[    0.000000] ACPI: LAPIC_NMI (acpi_id[0x31] high edge lint[0x1])
[    0.000000] ACPI: LAPIC_NMI (acpi_id[0x32] high edge lint[0x1])
[    0.000000] ACPI: LAPIC_NMI (acpi_id[0x33] high edge lint[0x1])
[    0.000000] ACPI: LAPIC_NMI (acpi_id[0x34] high edge lint[0x1])
[    0.000000] ACPI: LAPIC_NMI (acpi_id[0x35] high edge lint[0x1])
[    0.000000] ACPI: LAPIC_NMI (acpi_id[0x36] high edge lint[0x1])
[    0.000000] ACPI: LAPIC_NMI (acpi_id[0x37] high edge lint[0x1])
[    0.000000] ACPI: LAPIC_NMI (acpi_id[0x38] high edge lint[0x1])
[    0.000000] ACPI: LAPIC_NMI (acpi_id[0x39] high edge lint[0x1])
[    0.000000] ACPI: LAPIC_NMI (acpi_id[0x3a] high edge lint[0x1])
[    0.000000] ACPI: LAPIC_NMI (acpi_id[0x3b] high edge lint[0x1])
[    0.000000] ACPI: LAPIC_NMI (acpi_id[0x3c] high edge lint[0x1])
[    0.000000] ACPI: LAPIC_NMI (acpi_id[0x3d] high edge lint[0x1])
[    0.000000] ACPI: LAPIC_NMI (acpi_id[0x3e] high edge lint[0x1])
[    0.000000] ACPI: LAPIC_NMI (acpi_id[0x3f] high edge lint[0x1])
[    0.000000] ACPI: LAPIC_NMI (acpi_id[0x40] high edge lint[0x1])
[    0.000000] ACPI: LAPIC_NMI (acpi_id[0x41] high edge lint[0x1])
[    0.000000] ACPI: LAPIC_NMI (acpi_id[0x42] high edge lint[0x1])
[    0.000000] ACPI: LAPIC_NMI (acpi_id[0x43] high edge lint[0x1])
[    0.000000] ACPI: LAPIC_NMI (acpi_id[0x44] high edge lint[0x1])
[    0.000000] ACPI: LAPIC_NMI (acpi_id[0x45] high edge lint[0x1])
[    0.000000] ACPI: LAPIC_NMI (acpi_id[0x46] high edge lint[0x1])
[    0.000000] ACPI: LAPIC_NMI (acpi_id[0x47] high edge lint[0x1])
[    0.000000] ACPI: LAPIC_NMI (acpi_id[0x48] high edge lint[0x1])
[    0.000000] ACPI: LAPIC_NMI (acpi_id[0x49] high edge lint[0x1])
[    0.000000] ACPI: LAPIC_NMI (acpi_id[0x4a] high edge lint[0x1])
[    0.000000] ACPI: LAPIC_NMI (acpi_id[0x4b] high edge lint[0x1])
[    0.000000] ACPI: LAPIC_NMI (acpi_id[0x4c] high edge lint[0x1])
[    0.000000] ACPI: LAPIC_NMI (acpi_id[0x4d] high edge lint[0x1])
[    0.000000] ACPI: LAPIC_NMI (acpi_id[0x4e] high edge lint[0x1])
[    0.000000] ACPI: LAPIC_NMI (acpi_id[0x4f] high edge lint[0x1])
[    0.000000] ACPI: LAPIC_NMI (acpi_id[0x50] high edge lint[0x1])
[    0.000000] ACPI: LAPIC_NMI (acpi_id[0x51] high edge lint[0x1])
[    0.000000] ACPI: LAPIC_NMI (acpi_id[0x52] high edge lint[0x1])
[    0.000000] ACPI: LAPIC_NMI (acpi_id[0x53] high edge lint[0x1])
[    0.000000] ACPI: LAPIC_NMI (acpi_id[0x54] high edge lint[0x1])
[    0.000000] ACPI: LAPIC_NMI (acpi_id[0x55] high edge lint[0x1])
[    0.000000] ACPI: LAPIC_NMI (acpi_id[0x56] high edge lint[0x1])
[    0.000000] ACPI: LAPIC_NMI (acpi_id[0x57] high edge lint[0x1])
[    0.000000] ACPI: LAPIC_NMI (acpi_id[0x58] high edge lint[0x1])
[    0.000000] ACPI: LAPIC_NMI (acpi_id[0x59] high edge lint[0x1])
[    0.000000] ACPI: LAPIC_NMI (acpi_id[0x5a] high edge lint[0x1])
[    0.000000] ACPI: LAPIC_NMI (acpi_id[0x5b] high edge lint[0x1])
[    0.000000] ACPI: LAPIC_NMI (acpi_id[0x5c] high edge lint[0x1])
[    0.000000] ACPI: LAPIC_NMI (acpi_id[0x5d] high edge lint[0x1])
[    0.000000] ACPI: LAPIC_NMI (acpi_id[0x5e] high edge lint[0x1])
[    0.000000] ACPI: LAPIC_NMI (acpi_id[0x5f] high edge lint[0x1])
[    0.000000] ACPI: LAPIC_NMI (acpi_id[0x60] high edge lint[0x1])
[    0.000000] ACPI: LAPIC_NMI (acpi_id[0x61] high edge lint[0x1])
[    0.000000] ACPI: LAPIC_NMI (acpi_id[0x62] high edge lint[0x1])
[    0.000000] ACPI: LAPIC_NMI (acpi_id[0x63] high edge lint[0x1])
[    0.000000] ACPI: LAPIC_NMI (acpi_id[0x64] high edge lint[0x1])
[    0.000000] ACPI: LAPIC_NMI (acpi_id[0x65] high edge lint[0x1])
[    0.000000] ACPI: LAPIC_NMI (acpi_id[0x66] high edge lint[0x1])
[    0.000000] ACPI: LAPIC_NMI (acpi_id[0x67] high edge lint[0x1])
[    0.000000] ACPI: LAPIC_NMI (acpi_id[0x68] high edge lint[0x1])
[    0.000000] ACPI: LAPIC_NMI (acpi_id[0x69] high edge lint[0x1])
[    0.000000] ACPI: LAPIC_NMI (acpi_id[0x6a] high edge lint[0x1])
[    0.000000] ACPI: LAPIC_NMI (acpi_id[0x6b] high edge lint[0x1])
[    0.000000] ACPI: LAPIC_NMI (acpi_id[0x6c] high edge lint[0x1])
[    0.000000] ACPI: LAPIC_NMI (acpi_id[0x6d] high edge lint[0x1])
[    0.000000] ACPI: LAPIC_NMI (acpi_id[0x6e] high edge lint[0x1])
[    0.000000] ACPI: LAPIC_NMI (acpi_id[0x6f] high edge lint[0x1])
[    0.000000] ACPI: LAPIC_NMI (acpi_id[0x70] high edge lint[0x1])
[    0.000000] ACPI: LAPIC_NMI (acpi_id[0x71] high edge lint[0x1])
[    0.000000] ACPI: LAPIC_NMI (acpi_id[0x72] high edge lint[0x1])
[    0.000000] ACPI: LAPIC_NMI (acpi_id[0x73] high edge lint[0x1])
[    0.000000] ACPI: LAPIC_NMI (acpi_id[0x74] high edge lint[0x1])
[    0.000000] ACPI: LAPIC_NMI (acpi_id[0x75] high edge lint[0x1])
[    0.000000] ACPI: LAPIC_NMI (acpi_id[0x76] high edge lint[0x1])
[    0.000000] ACPI: LAPIC_NMI (acpi_id[0x77] high edge lint[0x1])
[    0.000000] ACPI: LAPIC_NMI (acpi_id[0x78] high edge lint[0x1])
[    0.000000] ACPI: LAPIC_NMI (acpi_id[0x79] high edge lint[0x1])
[    0.000000] ACPI: LAPIC_NMI (acpi_id[0x7a] high edge lint[0x1])
[    0.000000] ACPI: LAPIC_NMI (acpi_id[0x7b] high edge lint[0x1])
[    0.000000] ACPI: LAPIC_NMI (acpi_id[0x7c] high edge lint[0x1])
[    0.000000] ACPI: LAPIC_NMI (acpi_id[0x7d] high edge lint[0x1])
[    0.000000] ACPI: LAPIC_NMI (acpi_id[0x7e] high edge lint[0x1])
[    0.000000] ACPI: LAPIC_NMI (acpi_id[0x7f] high edge lint[0x1])
[    0.000000] IOAPIC[0]: apic_id 1, version 32, address 0xfec00000, GSI 0-23
[    0.000000] ACPI: INT_SRC_OVR (bus 0 bus_irq 0 global_irq 2 high edge)
[    0.000000] ACPI: IRQ0 used by override.
[    0.000000] ACPI: IRQ9 used by override.
[    0.000000] Using ACPI (MADT) for SMP configuration information
[    0.000000] ACPI: HPET id: 0x8086af01 base: 0xfed00000
[    0.000000] smpboot: Allowing 128 CPUs, 124 hotplug CPUs
[    0.000000] PM: Registered nosave memory: [mem 0x00000000-0x00000fff]
[    0.000000] PM: Registered nosave memory: [mem 0x0009e000-0x0009efff]
[    0.000000] PM: Registered nosave memory: [mem 0x0009f000-0x0009ffff]
[    0.000000] PM: Registered nosave memory: [mem 0x000a0000-0x000dbfff]
[    0.000000] PM: Registered nosave memory: [mem 0x000dc000-0x000fffff]
[    0.000000] PM: Registered nosave memory: [mem 0xbfed0000-0xbfefefff]
[    0.000000] PM: Registered nosave memory: [mem 0xbfeff000-0xbfefffff]
[    0.000000] PM: Registered nosave memory: [mem 0xc0000000-0xefffffff]
[    0.000000] PM: Registered nosave memory: [mem 0xf0000000-0xf7ffffff]
[    0.000000] PM: Registered nosave memory: [mem 0xf8000000-0xfebfffff]
[    0.000000] PM: Registered nosave memory: [mem 0xfec00000-0xfec0ffff]
[    0.000000] PM: Registered nosave memory: [mem 0xfec10000-0xfedfffff]
[    0.000000] PM: Registered nosave memory: [mem 0xfee00000-0xfee00fff]
[    0.000000] PM: Registered nosave memory: [mem 0xfee01000-0xfffdffff]
[    0.000000] PM: Registered nosave memory: [mem 0xfffe0000-0xffffffff]
[    0.000000] e820: [mem 0xc0000000-0xefffffff] available for PCI devices
[    0.000000] Booting paravirtualized kernel on VMware hypervisor
[    0.000000] clocksource: refined-jiffies: mask: 0xffffffff max_cycles: 0xffffffff, max_idle_ns: 7645519600211568 ns
[    0.000000] random: get_random_bytes called from start_kernel+0x99/0x4fd with crng_init=0
[    0.000000] setup_percpu: NR_CPUS:8192 nr_cpumask_bits:128 nr_cpu_ids:128 nr_node_ids:1
[    0.000000] percpu: Embedded 46 pages/cpu @        (ptrval) s151552 r8192 d28672 u262144
[    0.000000] pcpu-alloc: s151552 r8192 d28672 u262144 alloc=1*2097152
[    0.000000] pcpu-alloc: [0] 000 001 002 003 004 005 006 007 
[    0.000000] pcpu-alloc: [0] 008 009 010 011 012 013 014 015 
[    0.000000] pcpu-alloc: [0] 016 017 018 019 020 021 022 023 
[    0.000000] pcpu-alloc: [0] 024 025 026 027 028 029 030 031 
[    0.000000] pcpu-alloc: [0] 032 033 034 035 036 037 038 039 
[    0.000000] pcpu-alloc: [0] 040 041 042 043 044 045 046 047 
[    0.000000] pcpu-alloc: [0] 048 049 050 051 052 053 054 055 
[    0.000000] pcpu-alloc: [0] 056 057 058 059 060 061 062 063 
[    0.000000] pcpu-alloc: [0] 064 065 066 067 068 069 070 071 
[    0.000000] pcpu-alloc: [0] 072 073 074 075 076 077 078 079 
[    0.000000] pcpu-alloc: [0] 080 081 082 083 084 085 086 087 
[    0.000000] pcpu-alloc: [0] 088 089 090 091 092 093 094 095 
[    0.000000] pcpu-alloc: [0] 096 097 098 099 100 101 102 103 
[    0.000000] pcpu-alloc: [0] 104 105 106 107 108 109 110 111 
[    0.000000] pcpu-alloc: [0] 112 113 114 115 116 117 118 119 
[    0.000000] pcpu-alloc: [0] 120 121 122 123 124 125 126 127 
[    0.000000] Built 1 zonelists, mobility grouping on.  Total pages: 2064216
[    0.000000] Policy zone: Normal
[    0.000000] Kernel command line: BOOT_IMAGE=/vmlinuz-4.15.0-51-generic root=UUID=0d2424ad-c5dc-4084-8982-717622cadbf6 ro quiet splash
[    0.000000] log_buf_len individual max cpu contribution: 4096 bytes
[    0.000000] log_buf_len total cpu_extra contributions: 520192 bytes
[    0.000000] log_buf_len min size: 262144 bytes
[    0.000000] log_buf_len: 1048576 bytes
[    0.000000] early log buf free: 223876(85%)
[    0.000000] Calgary: detecting Calgary via BIOS EBDA area
[    0.000000] Calgary: Unable to locate Rio Grande table in EBDA - bailing!
[    0.000000] Memory: 8100260K/8388020K available (12300K kernel code, 2473K rwdata, 4272K rodata, 2408K init, 2416K bss, 287760K reserved, 0K cma-reserved)
[    0.000000] SLUB: HWalign=64, Order=0-3, MinObjects=0, CPUs=128, Nodes=1
[    0.000000] Kernel/User page tables isolation: enabled
[    0.000000] ftrace: allocating 39215 entries in 154 pages
[    0.004000] Hierarchical RCU implementation.
[    0.004000] 	RCU restricting CPUs from NR_CPUS=8192 to nr_cpu_ids=128.
[    0.004000] 	Tasks RCU enabled.
[    0.004000] RCU: Adjusting geometry for rcu_fanout_leaf=16, nr_cpu_ids=128
[    0.004000] NR_IRQS: 524544, nr_irqs: 1448, preallocated irqs: 16
[    0.004000] Console: colour VGA+ 80x25
[    0.004000] console [tty0] enabled
[    0.004000] ACPI: Core revision 20170831
[    0.004000] ACPI: 1 ACPI AML tables successfully acquired and loaded
[    0.004000] clocksource: hpet: mask: 0xffffffff max_cycles: 0xffffffff, max_idle_ns: 133484882848 ns
[    0.004000] hpet clockevent registered
[    0.004000] APIC: Switch to symmetric I/O mode setup
[    0.004000] DMAR: Host address width 43
[    0.004000] DMAR: DRHD base: 0x000000fec10000 flags: 0x1
[    0.004000] DMAR: dmar0: reg_base_addr fec10000 ver 1:0 cap ff0080f02a0462 ecap f0f15f
[    0.004000] DMAR: ATSR flags: 0x1
[    0.004000] DMAR-IR: IOAPIC id 1 under DRHD base  0xfec10000 IOMMU 0
[    0.004000] DMAR-IR: Queued invalidation will be enabled to support x2apic and Intr-remapping.
[    0.008000] DMAR-IR: Enabled IRQ remapping in x2apic mode
[    0.008000] x2apic enabled
[    0.008624] System requires x2apic physical mode
[    0.008734] Switched APIC routing to physical x2apic.
[    0.017314] ..TIMER: vector=0x30 apic1=0 pin1=2 apic2=-1 pin2=-1
[    0.017363] tsc: Detected 1992.000 MHz processor
[    0.017367] Calibrating delay loop (skipped) preset value.. 3984.00 BogoMIPS (lpj=7968000)
[    0.017367] pid_max: default: 131072 minimum: 1024
[    0.017367] Security Framework initialized
[    0.017367] Yama: becoming mindful.
[    0.025134] AppArmor: AppArmor initialized
[    0.068515] Dentry cache hash table entries: 1048576 (order: 11, 8388608 bytes)
[    0.089973] Inode-cache hash table entries: 524288 (order: 10, 4194304 bytes)
[    0.090667] Mount-cache hash table entries: 16384 (order: 5, 131072 bytes)
[    0.091327] Mountpoint-cache hash table entries: 16384 (order: 5, 131072 bytes)
[    0.092113] Disabled fast string operations
[    0.092130] mce: CPU supports 8 MCE banks
[    0.092217] Last level iTLB entries: 4KB 64, 2MB 8, 4MB 8
[    0.092218] Last level dTLB entries: 4KB 64, 2MB 0, 4MB 0, 1GB 4
[    0.092220] Spectre V2 : Mitigation: Full generic retpoline
[    0.092220] Spectre V2 : Spectre v2 / SpectreRSB mitigation: Filling RSB on context switch
[    0.092221] Spectre V2 : Enabling Restricted Speculation for firmware calls
[    0.092230] Spectre V2 : mitigation: Enabling conditional Indirect Branch Prediction Barrier
[    0.092231] Speculative Store Bypass: Mitigation: Speculative Store Bypass disabled via prctl and seccomp
[    0.092274] MDS: Vulnerable: Clear CPU buffers attempted, no microcode
[    0.097472] Freeing SMP alternatives memory: 36K
[    0.100958] TSC deadline timer enabled
[    0.100993] smpboot: CPU0: Intel(R) Core(TM) i7-8550U CPU @ 1.80GHz (family: 0x6, model: 0x8e, stepping: 0xa)
[    0.101585] Performance Events: Skylake events, Intel PMU driver.
[    0.101610] ... version:                4
[    0.101610] ... bit width:              48
[    0.101611] ... generic registers:      4
[    0.101611] ... value mask:             0000ffffffffffff
[    0.101612] ... max period:             000000007fffffff
[    0.101612] ... fixed-purpose events:   3
[    0.101612] ... event mask:             000000070000000f
[    0.101776] Hierarchical SRCU implementation.
[    0.108013] NMI watchdog: Enabled. Permanently consumes one hw-PMU counter.
[    0.121021] smp: Bringing up secondary CPUs ...
[    0.122206] x86: Booting SMP configuration:
[    0.122208] .... node  #0, CPUs:          #1
[    0.004000] Disabled fast string operations
[    0.004000] smpboot: CPU 1 Converting physical 2 to logical package 1
[    0.124679]    #2
[    0.004000] Disabled fast string operations
[    0.004000] smpboot: CPU 2 Converting physical 4 to logical package 2
[    0.125572]    #3
[    0.004000] Disabled fast string operations
[    0.004000] smpboot: CPU 3 Converting physical 6 to logical package 3
[    0.128006] smp: Brought up 1 node, 4 CPUs
[    0.128007] smpboot: Max logical packages: 128
[    0.128009] smpboot: Total of 4 processors activated (15936.00 BogoMIPS)
[    0.129323] devtmpfs: initialized
[    0.129323] x86/mm: Memory block size: 128MB
[    0.132961] evm: security.selinux
[    0.132962] evm: security.SMACK64
[    0.132962] evm: security.SMACK64EXEC
[    0.132962] evm: security.SMACK64TRANSMUTE
[    0.132963] evm: security.SMACK64MMAP
[    0.132963] evm: security.apparmor
[    0.132963] evm: security.ima
[    0.132964] evm: security.capability
[    0.133146] PM: Registering ACPI NVS region [mem 0xbfeff000-0xbfefffff] (4096 bytes)
[    0.133146] clocksource: jiffies: mask: 0xffffffff max_cycles: 0xffffffff, max_idle_ns: 7645041785100000 ns
[    0.133146] futex hash table entries: 32768 (order: 9, 2097152 bytes)
[    0.144898] pinctrl core: initialized pinctrl subsystem
[    0.145124] RTC time:  1:30:23, date: 07/23/19
[    0.146637] NET: Registered protocol family 16
[    0.146789] audit: initializing netlink subsys (disabled)
[    0.147187] audit: type=2000 audit(1563845423.144:1): state=initialized audit_enabled=0 res=1
[    0.147187] cpuidle: using governor ladder
[    0.147187] cpuidle: using governor menu
[    0.147187] Simple Boot Flag at 0x36 set to 0x80
[    0.147187] ACPI: bus type PCI registered
[    0.147187] acpiphp: ACPI Hot Plug PCI Controller Driver version: 0.5
[    0.148421] PCI: MMCONFIG for domain 0000 [bus 00-7f] at [mem 0xf0000000-0xf7ffffff] (base 0xf0000000)
[    0.148423] PCI: MMCONFIG at [mem 0xf0000000-0xf7ffffff] reserved in E820
[    0.148428] pmd_set_huge: Cannot satisfy [mem 0xf0000000-0xf0200000] with a huge-page mapping due to MTRR override.
[    0.149960] PCI: Using configuration type 1 for base access
[    0.152529] HugeTLB registered 1.00 GiB page size, pre-allocated 0 pages
[    0.152529] HugeTLB registered 2.00 MiB page size, pre-allocated 0 pages
[    0.156184] ACPI: Added _OSI(Module Device)
[    0.156185] ACPI: Added _OSI(Processor Device)
[    0.156185] ACPI: Added _OSI(3.0 _SCP Extensions)
[    0.156186] ACPI: Added _OSI(Processor Aggregator Device)
[    0.156187] ACPI: Added _OSI(Linux-Dell-Video)
[    0.156187] ACPI: Added _OSI(Linux-Lenovo-NV-HDMI-Audio)
[    0.156188] ACPI: Added _OSI(Linux-HPI-Hybrid-Graphics)
[    0.162262] ACPI: [Firmware Bug]: BIOS _OSI(Linux) query ignored
[    0.190438] ACPI: Interpreter enabled
[    0.190449] ACPI: (supports S0 S1 S4 S5)
[    0.190450] ACPI: Using IOAPIC for interrupt routing
[    0.190472] PCI: Using host bridge windows from ACPI; if necessary, use "pci=nocrs" and report a bug
[    0.192000] ACPI: Enabled 4 GPEs in block 00 to 0F
[    0.476471] ACPI: PCI Root Bridge [PCI0] (domain 0000 [bus 00-7f])
[    0.476479] acpi PNP0A03:00: _OSC: OS supports [ExtendedConfig ASPM ClockPM Segments MSI]
[    0.476702] acpi PNP0A03:00: _OSC: platform does not support [AER]
[    0.476924] acpi PNP0A03:00: _OSC: OS now controls [PCIeHotplug PME PCIeCapability]
[    0.479212] PCI host bridge to bus 0000:00
[    0.479214] pci_bus 0000:00: root bus resource [mem 0x000a0000-0x000bffff window]
[    0.479215] pci_bus 0000:00: root bus resource [mem 0x000d0000-0x000d3fff window]
[    0.479216] pci_bus 0000:00: root bus resource [mem 0x000d4000-0x000d7fff window]
[    0.479217] pci_bus 0000:00: root bus resource [mem 0x000d8000-0x000dbfff window]
[    0.479218] pci_bus 0000:00: root bus resource [mem 0xc0000000-0xfebfffff window]
[    0.479219] pci_bus 0000:00: root bus resource [io  0x0000-0x0cf7 window]
[    0.479220] pci_bus 0000:00: root bus resource [io  0x0d00-0xfeff window]
[    0.479221] pci_bus 0000:00: root bus resource [bus 00-7f]
[    0.479280] pci 0000:00:00.0: [8086:7190] type 00 class 0x060000
[    0.480041] pci 0000:00:01.0: [8086:7191] type 01 class 0x060400
[    0.480730] pci 0000:00:07.0: [8086:7110] type 00 class 0x060100
[    0.481780] pci 0000:00:07.1: [8086:7111] type 00 class 0x01018a
[    0.484207] pci 0000:00:07.1: reg 0x20: [io  0x1060-0x106f]
[    0.484885] pci 0000:00:07.1: legacy IDE quirk: reg 0x10: [io  0x01f0-0x01f7]
[    0.484885] pci 0000:00:07.1: legacy IDE quirk: reg 0x14: [io  0x03f6]
[    0.484886] pci 0000:00:07.1: legacy IDE quirk: reg 0x18: [io  0x0170-0x0177]
[    0.484887] pci 0000:00:07.1: legacy IDE quirk: reg 0x1c: [io  0x0376]
[    0.485162] pci 0000:00:07.3: [8086:7113] type 00 class 0x068000
[    0.487533] pci 0000:00:07.3: quirk: [io  0x1000-0x103f] claimed by PIIX4 ACPI
[    0.487547] pci 0000:00:07.3: quirk: [io  0x1040-0x104f] claimed by PIIX4 SMB
[    0.488211] pci 0000:00:07.7: [15ad:0740] type 00 class 0x088000
[    0.488938] pci 0000:00:07.7: reg 0x10: [io  0x1080-0x10bf]
[    0.489674] pci 0000:00:07.7: reg 0x14: [mem 0xfebfe000-0xfebfffff 64bit]
[    0.493921] pci 0000:00:0f.0: [15ad:0405] type 00 class 0x030000
[    0.495926] pci 0000:00:0f.0: reg 0x10: [io  0x1070-0x107f]
[    0.496869] pci 0000:00:0f.0: reg 0x14: [mem 0xe8000000-0xefffffff pref]
[    0.498943] pci 0000:00:0f.0: reg 0x18: [mem 0xfe000000-0xfe7fffff]
[    0.505912] pci 0000:00:0f.0: reg 0x30: [mem 0x00000000-0x00007fff pref]
[    0.506594] pci 0000:00:10.0: [1000:0030] type 00 class 0x010000
[    0.507669] pci 0000:00:10.0: reg 0x10: [io  0x1400-0x14ff]
[    0.508580] pci 0000:00:10.0: reg 0x14: [mem 0xfeba0000-0xfebbffff 64bit]
[    0.509612] pci 0000:00:10.0: reg 0x1c: [mem 0xfebc0000-0xfebdffff 64bit]
[    0.511683] pci 0000:00:10.0: reg 0x30: [mem 0x00000000-0x00003fff pref]
[    0.512128] pci 0000:00:11.0: [15ad:0790] type 01 class 0x060401
[    0.513036] pci 0000:00:15.0: [15ad:07a0] type 01 class 0x060400
[    0.513924] pci 0000:00:15.0: PME# supported from D0 D3hot D3cold
[    0.514367] pci 0000:00:15.1: [15ad:07a0] type 01 class 0x060400
[    0.515266] pci 0000:00:15.1: PME# supported from D0 D3hot D3cold
[    0.515676] pci 0000:00:15.2: [15ad:07a0] type 01 class 0x060400
[    0.516557] pci 0000:00:15.2: PME# supported from D0 D3hot D3cold
[    0.516977] pci 0000:00:15.3: [15ad:07a0] type 01 class 0x060400
[    0.518060] pci 0000:00:15.3: PME# supported from D0 D3hot D3cold
[    0.518697] pci 0000:00:15.4: [15ad:07a0] type 01 class 0x060400
[    0.519566] pci 0000:00:15.4: PME# supported from D0 D3hot D3cold
[    0.519967] pci 0000:00:15.5: [15ad:07a0] type 01 class 0x060400
[    0.520814] pci 0000:00:15.5: PME# supported from D0 D3hot D3cold
[    0.521212] pci 0000:00:15.6: [15ad:07a0] type 01 class 0x060400
[    0.522077] pci 0000:00:15.6: PME# supported from D0 D3hot D3cold
[    0.522423] pci 0000:00:15.7: [15ad:07a0] type 01 class 0x060400
[    0.523280] pci 0000:00:15.7: PME# supported from D0 D3hot D3cold
[    0.523673] pci 0000:00:16.0: [15ad:07a0] type 01 class 0x060400
[    0.524530] pci 0000:00:16.0: PME# supported from D0 D3hot D3cold
[    0.524935] pci 0000:00:16.1: [15ad:07a0] type 01 class 0x060400
[    0.525790] pci 0000:00:16.1: PME# supported from D0 D3hot D3cold
[    0.526231] pci 0000:00:16.2: [15ad:07a0] type 01 class 0x060400
[    0.527087] pci 0000:00:16.2: PME# supported from D0 D3hot D3cold
[    0.527481] pci 0000:00:16.3: [15ad:07a0] type 01 class 0x060400
[    0.528329] pci 0000:00:16.3: PME# supported from D0 D3hot D3cold
[    0.528913] pci 0000:00:16.4: [15ad:07a0] type 01 class 0x060400
[    0.529769] pci 0000:00:16.4: PME# supported from D0 D3hot D3cold
[    0.530176] pci 0000:00:16.5: [15ad:07a0] type 01 class 0x060400
[    0.531046] pci 0000:00:16.5: PME# supported from D0 D3hot D3cold
[    0.531392] pci 0000:00:16.6: [15ad:07a0] type 01 class 0x060400
[    0.532253] pci 0000:00:16.6: PME# supported from D0 D3hot D3cold
[    0.532647] pci 0000:00:16.7: [15ad:07a0] type 01 class 0x060400
[    0.533505] pci 0000:00:16.7: PME# supported from D0 D3hot D3cold
[    0.533928] pci 0000:00:17.0: [15ad:07a0] type 01 class 0x060400
[    0.534782] pci 0000:00:17.0: PME# supported from D0 D3hot D3cold
[    0.535181] pci 0000:00:17.1: [15ad:07a0] type 01 class 0x060400
[    0.536037] pci 0000:00:17.1: PME# supported from D0 D3hot D3cold
[    0.536431] pci 0000:00:17.2: [15ad:07a0] type 01 class 0x060400
[    0.537297] pci 0000:00:17.2: PME# supported from D0 D3hot D3cold
[    0.537713] pci 0000:00:17.3: [15ad:07a0] type 01 class 0x060400
[    0.538579] pci 0000:00:17.3: PME# supported from D0 D3hot D3cold
[    0.539166] pci 0000:00:17.4: [15ad:07a0] type 01 class 0x060400
[    0.540026] pci 0000:00:17.4: PME# supported from D0 D3hot D3cold
[    0.540422] pci 0000:00:17.5: [15ad:07a0] type 01 class 0x060400
[    0.541279] pci 0000:00:17.5: PME# supported from D0 D3hot D3cold
[    0.541625] pci 0000:00:17.6: [15ad:07a0] type 01 class 0x060400
[    0.542483] pci 0000:00:17.6: PME# supported from D0 D3hot D3cold
[    0.542882] pci 0000:00:17.7: [15ad:07a0] type 01 class 0x060400
[    0.543735] pci 0000:00:17.7: PME# supported from D0 D3hot D3cold
[    0.544131] pci 0000:00:18.0: [15ad:07a0] type 01 class 0x060400
[    0.544988] pci 0000:00:18.0: PME# supported from D0 D3hot D3cold
[    0.545383] pci 0000:00:18.1: [15ad:07a0] type 01 class 0x060400
[    0.546240] pci 0000:00:18.1: PME# supported from D0 D3hot D3cold
[    0.546634] pci 0000:00:18.2: [15ad:07a0] type 01 class 0x060400
[    0.547501] pci 0000:00:18.2: PME# supported from D0 D3hot D3cold
[    0.547907] pci 0000:00:18.3: [15ad:07a0] type 01 class 0x060400
[    0.548760] pci 0000:00:18.3: PME# supported from D0 D3hot D3cold
[    0.549503] pci 0000:00:18.4: [15ad:07a0] type 01 class 0x060400
[    0.550532] pci 0000:00:18.4: PME# supported from D0 D3hot D3cold
[    0.551002] pci 0000:00:18.5: [15ad:07a0] type 01 class 0x060400
[    0.552032] pci 0000:00:18.5: PME# supported from D0 D3hot D3cold
[    0.552553] pci 0000:00:18.6: [15ad:07a0] type 01 class 0x060400
[    0.553575] pci 0000:00:18.6: PME# supported from D0 D3hot D3cold
[    0.554155] pci 0000:00:18.7: [15ad:07a0] type 01 class 0x060400
[    0.555187] pci 0000:00:18.7: PME# supported from D0 D3hot D3cold
[    0.556187] pci 0000:00:01.0: PCI bridge to [bus 01]
[    0.556950] acpiphp: Slot [32] registered
[    0.557003] acpiphp: Slot [33] registered
[    0.557058] acpiphp: Slot [34] registered
[    0.557112] acpiphp: Slot [35] registered
[    0.557164] acpiphp: Slot [36] registered
[    0.557218] acpiphp: Slot [37] registered
[    0.557270] acpiphp: Slot [38] registered
[    0.557323] acpiphp: Slot [39] registered
[    0.557428] acpiphp: Slot [40] registered
[    0.557483] acpiphp: Slot [41] registered
[    0.557537] acpiphp: Slot [42] registered
[    0.557590] acpiphp: Slot [43] registered
[    0.557643] acpiphp: Slot [44] registered
[    0.557695] acpiphp: Slot [45] registered
[    0.557761] acpiphp: Slot [46] registered
[    0.557814] acpiphp: Slot [47] registered
[    0.557866] acpiphp: Slot [48] registered
[    0.557919] acpiphp: Slot [49] registered
[    0.557972] acpiphp: Slot [50] registered
[    0.558055] acpiphp: Slot [51] registered
[    0.558160] acpiphp: Slot [52] registered
[    0.558214] acpiphp: Slot [53] registered
[    0.558268] acpiphp: Slot [54] registered
[    0.558322] acpiphp: Slot [55] registered
[    0.558405] acpiphp: Slot [56] registered
[    0.558460] acpiphp: Slot [57] registered
[    0.558514] acpiphp: Slot [58] registered
[    0.558567] acpiphp: Slot [59] registered
[    0.558620] acpiphp: Slot [60] registered
[    0.558674] acpiphp: Slot [61] registered
[    0.558767] acpiphp: Slot [62] registered
[    0.558820] acpiphp: Slot [63] registered
[    0.558919] pci 0000:02:00.0: [15ad:0774] type 00 class 0x0c0300
[    0.561369] pci 0000:02:00.0: reg 0x20: [io  0x2080-0x209f]
[    0.562612] pci 0000:02:01.0: [8086:100f] type 00 class 0x020000
[    0.564575] pci 0000:02:01.0: reg 0x10: [mem 0xfd5c0000-0xfd5dffff 64bit]
[    0.565754] pci 0000:02:01.0: reg 0x18: [mem 0xfdff0000-0xfdffffff 64bit]
[    0.566820] pci 0000:02:01.0: reg 0x20: [io  0x2000-0x203f]
[    0.568540] pci 0000:02:01.0: reg 0x30: [mem 0x00000000-0x0000ffff pref]
[    0.568935] pci 0000:02:01.0: PME# supported from D0 D3hot D3cold
[    0.569290] pci 0000:02:02.0: [1274:1371] type 00 class 0x040100
[    0.569765] pci 0000:02:02.0: reg 0x10: [io  0x2040-0x207f]
[    0.572520] pci 0000:02:03.0: [15ad:0770] type 00 class 0x0c0320
[    0.573064] pci 0000:02:03.0: reg 0x10: [mem 0xfd5ef000-0xfd5effff]
[    0.577316] pci 0000:02:05.0: [15ad:07e0] type 00 class 0x010601
[    0.582357] pci 0000:02:05.0: reg 0x24: [mem 0xfd5ee000-0xfd5eefff]
[    0.582992] pci 0000:02:05.0: reg 0x30: [mem 0x00000000-0x0000ffff pref]
[    0.583731] pci 0000:02:05.0: PME# supported from D3hot
[    0.584286] pci 0000:00:11.0: PCI bridge to [bus 02] (subtractive decode)
[    0.584324] pci 0000:00:11.0:   bridge window [io  0x2000-0x3fff]
[    0.584348] pci 0000:00:11.0:   bridge window [mem 0xfd500000-0xfdffffff]
[    0.584393] pci 0000:00:11.0:   bridge window [mem 0xe7b00000-0xe7ffffff 64bit pref]
[    0.584395] pci 0000:00:11.0:   bridge window [mem 0x000a0000-0x000bffff window] (subtractive decode)
[    0.584396] pci 0000:00:11.0:   bridge window [mem 0x000d0000-0x000d3fff window] (subtractive decode)
[    0.584396] pci 0000:00:11.0:   bridge window [mem 0x000d4000-0x000d7fff window] (subtractive decode)
[    0.584397] pci 0000:00:11.0:   bridge window [mem 0x000d8000-0x000dbfff window] (subtractive decode)
[    0.584398] pci 0000:00:11.0:   bridge window [mem 0xc0000000-0xfebfffff window] (subtractive decode)
[    0.584399] pci 0000:00:11.0:   bridge window [io  0x0000-0x0cf7 window] (subtractive decode)
[    0.584400] pci 0000:00:11.0:   bridge window [io  0x0d00-0xfeff window] (subtractive decode)
[    0.584841] pci 0000:00:15.0: PCI bridge to [bus 03]
[    0.584864] pci 0000:00:15.0:   bridge window [io  0x4000-0x4fff]
[    0.584888] pci 0000:00:15.0:   bridge window [mem 0xfd400000-0xfd4fffff]
[    0.584934] pci 0000:00:15.0:   bridge window [mem 0xe7a00000-0xe7afffff 64bit pref]
[    0.585328] pci 0000:00:15.1: PCI bridge to [bus 04]
[    0.585351] pci 0000:00:15.1:   bridge window [io  0x8000-0x8fff]
[    0.585375] pci 0000:00:15.1:   bridge window [mem 0xfd000000-0xfd0fffff]
[    0.585420] pci 0000:00:15.1:   bridge window [mem 0xe7600000-0xe76fffff 64bit pref]
[    0.585825] pci 0000:00:15.2: PCI bridge to [bus 05]
[    0.585862] pci 0000:00:15.2:   bridge window [io  0xc000-0xcfff]
[    0.585885] pci 0000:00:15.2:   bridge window [mem 0xfcc00000-0xfccfffff]
[    0.585940] pci 0000:00:15.2:   bridge window [mem 0xe7200000-0xe72fffff 64bit pref]
[    0.586503] pci 0000:00:15.3: PCI bridge to [bus 06]
[    0.586560] pci 0000:00:15.3:   bridge window [mem 0xfc800000-0xfc8fffff]
[    0.586641] pci 0000:00:15.3:   bridge window [mem 0xe6e00000-0xe6efffff 64bit pref]
[    0.587503] pci 0000:00:15.4: PCI bridge to [bus 07]
[    0.587558] pci 0000:00:15.4:   bridge window [mem 0xfc400000-0xfc4fffff]
[    0.587612] pci 0000:00:15.4:   bridge window [mem 0xe6a00000-0xe6afffff 64bit pref]
[    0.588114] pci 0000:00:15.5: PCI bridge to [bus 08]
[    0.588160] pci 0000:00:15.5:   bridge window [mem 0xfc000000-0xfc0fffff]
[    0.588205] pci 0000:00:15.5:   bridge window [mem 0xe6600000-0xe66fffff 64bit pref]
[    0.588576] pci 0000:00:15.6: PCI bridge to [bus 09]
[    0.588621] pci 0000:00:15.6:   bridge window [mem 0xfbc00000-0xfbcfffff]
[    0.588667] pci 0000:00:15.6:   bridge window [mem 0xe6200000-0xe62fffff 64bit pref]
[    0.589038] pci 0000:00:15.7: PCI bridge to [bus 0a]
[    0.589083] pci 0000:00:15.7:   bridge window [mem 0xfb800000-0xfb8fffff]
[    0.589128] pci 0000:00:15.7:   bridge window [mem 0xe5e00000-0xe5efffff 64bit pref]
[    0.589540] pci 0000:00:16.0: PCI bridge to [bus 0b]
[    0.589563] pci 0000:00:16.0:   bridge window [io  0x5000-0x5fff]
[    0.589586] pci 0000:00:16.0:   bridge window [mem 0xfd300000-0xfd3fffff]
[    0.589632] pci 0000:00:16.0:   bridge window [mem 0xe7900000-0xe79fffff 64bit pref]
[    0.590009] pci 0000:00:16.1: PCI bridge to [bus 0c]
[    0.590041] pci 0000:00:16.1:   bridge window [io  0x9000-0x9fff]
[    0.590066] pci 0000:00:16.1:   bridge window [mem 0xfcf00000-0xfcffffff]
[    0.590111] pci 0000:00:16.1:   bridge window [mem 0xe7500000-0xe75fffff 64bit pref]
[    0.590532] pci 0000:00:16.2: PCI bridge to [bus 0d]
[    0.590555] pci 0000:00:16.2:   bridge window [io  0xd000-0xdfff]
[    0.590579] pci 0000:00:16.2:   bridge window [mem 0xfcb00000-0xfcbfffff]
[    0.590624] pci 0000:00:16.2:   bridge window [mem 0xe7100000-0xe71fffff 64bit pref]
[    0.590997] pci 0000:00:16.3: PCI bridge to [bus 0e]
[    0.591042] pci 0000:00:16.3:   bridge window [mem 0xfc700000-0xfc7fffff]
[    0.591088] pci 0000:00:16.3:   bridge window [mem 0xe6d00000-0xe6dfffff 64bit pref]
[    0.591449] pci 0000:00:16.4: PCI bridge to [bus 0f]
[    0.591494] pci 0000:00:16.4:   bridge window [mem 0xfc300000-0xfc3fffff]
[    0.591540] pci 0000:00:16.4:   bridge window [mem 0xe6900000-0xe69fffff 64bit pref]
[    0.591950] pci 0000:00:16.5: PCI bridge to [bus 10]
[    0.592004] pci 0000:00:16.5:   bridge window [mem 0xfbf00000-0xfbffffff]
[    0.592052] pci 0000:00:16.5:   bridge window [mem 0xe6500000-0xe65fffff 64bit pref]
[    0.592424] pci 0000:00:16.6: PCI bridge to [bus 11]
[    0.592469] pci 0000:00:16.6:   bridge window [mem 0xfbb00000-0xfbbfffff]
[    0.592514] pci 0000:00:16.6:   bridge window [mem 0xe6100000-0xe61fffff 64bit pref]
[    0.592877] pci 0000:00:16.7: PCI bridge to [bus 12]
[    0.592922] pci 0000:00:16.7:   bridge window [mem 0xfb700000-0xfb7fffff]
[    0.592976] pci 0000:00:16.7:   bridge window [mem 0xe5d00000-0xe5dfffff 64bit pref]
[    0.593389] pci 0000:00:17.0: PCI bridge to [bus 13]
[    0.593412] pci 0000:00:17.0:   bridge window [io  0x6000-0x6fff]
[    0.593436] pci 0000:00:17.0:   bridge window [mem 0xfd200000-0xfd2fffff]
[    0.593481] pci 0000:00:17.0:   bridge window [mem 0xe7800000-0xe78fffff 64bit pref]
[    0.593871] pci 0000:00:17.1: PCI bridge to [bus 14]
[    0.593894] pci 0000:00:17.1:   bridge window [io  0xa000-0xafff]
[    0.593917] pci 0000:00:17.1:   bridge window [mem 0xfce00000-0xfcefffff]
[    0.593977] pci 0000:00:17.1:   bridge window [mem 0xe7400000-0xe74fffff 64bit pref]
[    0.594392] pci 0000:00:17.2: PCI bridge to [bus 15]
[    0.594415] pci 0000:00:17.2:   bridge window [io  0xe000-0xefff]
[    0.594439] pci 0000:00:17.2:   bridge window [mem 0xfca00000-0xfcafffff]
[    0.594484] pci 0000:00:17.2:   bridge window [mem 0xe7000000-0xe70fffff 64bit pref]
[    0.594847] pci 0000:00:17.3: PCI bridge to [bus 16]
[    0.594893] pci 0000:00:17.3:   bridge window [mem 0xfc600000-0xfc6fffff]
[    0.594938] pci 0000:00:17.3:   bridge window [mem 0xe6c00000-0xe6cfffff 64bit pref]
[    0.595474] pci 0000:00:17.4: PCI bridge to [bus 17]
[    0.595519] pci 0000:00:17.4:   bridge window [mem 0xfc200000-0xfc2fffff]
[    0.595564] pci 0000:00:17.4:   bridge window [mem 0xe6800000-0xe68fffff 64bit pref]
[    0.595987] pci 0000:00:17.5: PCI bridge to [bus 18]
[    0.596026] pci 0000:00:17.5:   bridge window [mem 0xfbe00000-0xfbefffff]
[    0.596071] pci 0000:00:17.5:   bridge window [mem 0xe6400000-0xe64fffff 64bit pref]
[    0.596438] pci 0000:00:17.6: PCI bridge to [bus 19]
[    0.596483] pci 0000:00:17.6:   bridge window [mem 0xfba00000-0xfbafffff]
[    0.596528] pci 0000:00:17.6:   bridge window [mem 0xe6000000-0xe60fffff 64bit pref]
[    0.596941] pci 0000:00:17.7: PCI bridge to [bus 1a]
[    0.596987] pci 0000:00:17.7:   bridge window [mem 0xfb600000-0xfb6fffff]
[    0.597032] pci 0000:00:17.7:   bridge window [mem 0xe5c00000-0xe5cfffff 64bit pref]
[    0.597396] pci 0000:00:18.0: PCI bridge to [bus 1b]
[    0.597419] pci 0000:00:18.0:   bridge window [io  0x7000-0x7fff]
[    0.597442] pci 0000:00:18.0:   bridge window [mem 0xfd100000-0xfd1fffff]
[    0.597488] pci 0000:00:18.0:   bridge window [mem 0xe7700000-0xe77fffff 64bit pref]
[    0.597849] pci 0000:00:18.1: PCI bridge to [bus 1c]
[    0.597872] pci 0000:00:18.1:   bridge window [io  0xb000-0xbfff]
[    0.597895] pci 0000:00:18.1:   bridge window [mem 0xfcd00000-0xfcdfffff]
[    0.597953] pci 0000:00:18.1:   bridge window [mem 0xe7300000-0xe73fffff 64bit pref]
[    0.598458] pci 0000:00:18.2: PCI bridge to [bus 1d]
[    0.598503] pci 0000:00:18.2:   bridge window [mem 0xfc900000-0xfc9fffff]
[    0.598548] pci 0000:00:18.2:   bridge window [mem 0xe6f00000-0xe6ffffff 64bit pref]
[    0.598912] pci 0000:00:18.3: PCI bridge to [bus 1e]
[    0.598958] pci 0000:00:18.3:   bridge window [mem 0xfc500000-0xfc5fffff]
[    0.599004] pci 0000:00:18.3:   bridge window [mem 0xe6b00000-0xe6bfffff 64bit pref]
[    0.599366] pci 0000:00:18.4: PCI bridge to [bus 1f]
[    0.599411] pci 0000:00:18.4:   bridge window [mem 0xfc100000-0xfc1fffff]
[    0.599456] pci 0000:00:18.4:   bridge window [mem 0xe6700000-0xe67fffff 64bit pref]
[    0.599867] pci 0000:00:18.5: PCI bridge to [bus 20]
[    0.599913] pci 0000:00:18.5:   bridge window [mem 0xfbd00000-0xfbdfffff]
[    0.599971] pci 0000:00:18.5:   bridge window [mem 0xe6300000-0xe63fffff 64bit pref]
[    0.600336] pci 0000:00:18.6: PCI bridge to [bus 21]
[    0.600382] pci 0000:00:18.6:   bridge window [mem 0xfb900000-0xfb9fffff]
[    0.600427] pci 0000:00:18.6:   bridge window [mem 0xe5f00000-0xe5ffffff 64bit pref]
[    0.600863] pci 0000:00:18.7: PCI bridge to [bus 22]
[    0.600909] pci 0000:00:18.7:   bridge window [mem 0xfb500000-0xfb5fffff]
[    0.600964] pci 0000:00:18.7:   bridge window [mem 0xe5b00000-0xe5bfffff 64bit pref]
[    0.604385] ACPI: PCI Interrupt Link [LNKA] (IRQs 3 4 5 6 7 *9 10 11 14 15)
[    0.604483] ACPI: PCI Interrupt Link [LNKB] (IRQs 3 4 5 6 7 9 10 *11 14 15)
[    0.604578] ACPI: PCI Interrupt Link [LNKC] (IRQs 3 4 5 6 7 9 *10 11 14 15)
[    0.604670] ACPI: PCI Interrupt Link [LNKD] (IRQs 3 4 5 6 *7 9 10 11 14 15)
[    0.658845] SCSI subsystem initialized
[    0.659074] libata version 3.00 loaded.
[    0.659074] pci 0000:00:0f.0: vgaarb: setting as boot VGA device
[    0.659074] pci 0000:00:0f.0: vgaarb: VGA device added: decodes=io+mem,owns=io+mem,locks=none
[    0.659074] pci 0000:00:0f.0: vgaarb: bridge control possible
[    0.659074] vgaarb: loaded
[    0.659074] ACPI: bus type USB registered
[    0.659074] usbcore: registered new interface driver usbfs
[    0.659074] usbcore: registered new interface driver hub
[    0.659074] usbcore: registered new device driver usb
[    0.660073] EDAC MC: Ver: 3.0.0
[    0.661730] PCI: Using ACPI for IRQ routing
[    0.694592] PCI: pci_cache_line_size set to 64 bytes
[    0.695641] e820: reserve RAM buffer [mem 0x0009e800-0x0009ffff]
[    0.695643] e820: reserve RAM buffer [mem 0xbfed0000-0xbfffffff]
[    0.695857] NetLabel: Initializing
[    0.695858] NetLabel:  domain hash size = 128
[    0.695858] NetLabel:  protocols = UNLABELED CIPSOv4 CALIPSO
[    0.695867] NetLabel:  unlabeled traffic allowed by default
[    0.699130] hpet0: at MMIO 0xfed00000, IRQs 2, 8, 0, 0, 0, 0, 0, 0, 0, 0, 0, 0, 0, 0, 0, 0
[    0.699137] hpet0: 16 comparators, 64-bit 14.318180 MHz counter
[    0.702165] clocksource: Switched to clocksource hpet
[    0.754297] VFS: Disk quotas dquot_6.6.0
[    0.754357] VFS: Dquot-cache hash table entries: 512 (order 0, 4096 bytes)
[    0.754868] AppArmor: AppArmor Filesystem Enabled
[    0.754937] pnp: PnP ACPI init
[    0.755351] system 00:00: [io  0x1000-0x103f] has been reserved
[    0.755352] system 00:00: [io  0x1040-0x104f] has been reserved
[    0.755354] system 00:00: [io  0x0cf0-0x0cf1] has been reserved
[    0.755358] system 00:00: Plug and Play ACPI device, IDs PNP0c02 (active)
[    0.755381] pnp 00:01: Plug and Play ACPI device, IDs PNP0b00 (active)
[    0.755396] pnp 00:02: Plug and Play ACPI device, IDs PNP0303 (active)
[    0.755459] pnp 00:03: Plug and Play ACPI device, IDs VMW0003 PNP0f13 (active)
[    0.755669] system 00:04: [mem 0xfed00000-0xfed003ff] has been reserved
[    0.755672] system 00:04: Plug and Play ACPI device, IDs PNP0103 PNP0c01 (active)
[    0.757465] pnp 00:05: Plug and Play ACPI device, IDs PNP0501 (active)
[    0.757954] system 00:06: [io  0xfce0-0xfcff] has been reserved
[    0.757956] system 00:06: [mem 0xf0000000-0xf7ffffff] has been reserved
[    0.757958] system 00:06: [mem 0xfe800000-0xfe9fffff] has been reserved
[    0.757961] system 00:06: Plug and Play ACPI device, IDs PNP0c02 (active)
[    0.758183] system 00:07: [mem 0xfec10000-0xfec10fff] could not be reserved
[    0.758186] system 00:07: Plug and Play ACPI device, IDs PNP0c02 (active)
[    0.804007] pnp: PnP ACPI: found 8 devices
[    0.817373] clocksource: acpi_pm: mask: 0xffffff max_cycles: 0xffffff, max_idle_ns: 2085701024 ns
[    0.817745] pci 0000:00:15.3: bridge window [io  0x1000-0x0fff] to [bus 06] add_size 1000
[    0.817813] pci 0000:00:15.4: bridge window [io  0x1000-0x0fff] to [bus 07] add_size 1000
[    0.817880] pci 0000:00:15.5: bridge window [io  0x1000-0x0fff] to [bus 08] add_size 1000
[    0.817959] pci 0000:00:15.6: bridge window [io  0x1000-0x0fff] to [bus 09] add_size 1000
[    0.818027] pci 0000:00:15.7: bridge window [io  0x1000-0x0fff] to [bus 0a] add_size 1000
[    0.818293] pci 0000:00:16.3: bridge window [io  0x1000-0x0fff] to [bus 0e] add_size 1000
[    0.818360] pci 0000:00:16.4: bridge window [io  0x1000-0x0fff] to [bus 0f] add_size 1000
[    0.818428] pci 0000:00:16.5: bridge window [io  0x1000-0x0fff] to [bus 10] add_size 1000
[    0.818495] pci 0000:00:16.6: bridge window [io  0x1000-0x0fff] to [bus 11] add_size 1000
[    0.818563] pci 0000:00:16.7: bridge window [io  0x1000-0x0fff] to [bus 12] add_size 1000
[    0.818828] pci 0000:00:17.3: bridge window [io  0x1000-0x0fff] to [bus 16] add_size 1000
[    0.818896] pci 0000:00:17.4: bridge window [io  0x1000-0x0fff] to [bus 17] add_size 1000
[    0.818971] pci 0000:00:17.5: bridge window [io  0x1000-0x0fff] to [bus 18] add_size 1000
[    0.819039] pci 0000:00:17.6: bridge window [io  0x1000-0x0fff] to [bus 19] add_size 1000
[    0.819107] pci 0000:00:17.7: bridge window [io  0x1000-0x0fff] to [bus 1a] add_size 1000
[    0.819307] pci 0000:00:18.2: bridge window [io  0x1000-0x0fff] to [bus 1d] add_size 1000
[    0.819374] pci 0000:00:18.3: bridge window [io  0x1000-0x0fff] to [bus 1e] add_size 1000
[    0.819442] pci 0000:00:18.4: bridge window [io  0x1000-0x0fff] to [bus 1f] add_size 1000
[    0.819509] pci 0000:00:18.5: bridge window [io  0x1000-0x0fff] to [bus 20] add_size 1000
[    0.819577] pci 0000:00:18.6: bridge window [io  0x1000-0x0fff] to [bus 21] add_size 1000
[    0.819644] pci 0000:00:18.7: bridge window [io  0x1000-0x0fff] to [bus 22] add_size 1000
[    0.819684] pci 0000:00:0f.0: BAR 6: assigned [mem 0xc0000000-0xc0007fff pref]
[    0.819686] pci 0000:00:10.0: BAR 6: assigned [mem 0xc0008000-0xc000bfff pref]
[    0.819689] pci 0000:00:15.3: BAR 13: no space for [io  size 0x1000]
[    0.819691] pci 0000:00:15.3: BAR 13: failed to assign [io  size 0x1000]
[    0.819693] pci 0000:00:15.4: BAR 13: no space for [io  size 0x1000]
[    0.819693] pci 0000:00:15.4: BAR 13: failed to assign [io  size 0x1000]
[    0.819695] pci 0000:00:15.5: BAR 13: no space for [io  size 0x1000]
[    0.819696] pci 0000:00:15.5: BAR 13: failed to assign [io  size 0x1000]
[    0.819698] pci 0000:00:15.6: BAR 13: no space for [io  size 0x1000]
[    0.819698] pci 0000:00:15.6: BAR 13: failed to assign [io  size 0x1000]
[    0.819700] pci 0000:00:15.7: BAR 13: no space for [io  size 0x1000]
[    0.819701] pci 0000:00:15.7: BAR 13: failed to assign [io  size 0x1000]
[    0.819702] pci 0000:00:16.3: BAR 13: no space for [io  size 0x1000]
[    0.819703] pci 0000:00:16.3: BAR 13: failed to assign [io  size 0x1000]
[    0.819705] pci 0000:00:16.4: BAR 13: no space for [io  size 0x1000]
[    0.819706] pci 0000:00:16.4: BAR 13: failed to assign [io  size 0x1000]
[    0.819707] pci 0000:00:16.5: BAR 13: no space for [io  size 0x1000]
[    0.819708] pci 0000:00:16.5: BAR 13: failed to assign [io  size 0x1000]
[    0.819710] pci 0000:00:16.6: BAR 13: no space for [io  size 0x1000]
[    0.819711] pci 0000:00:16.6: BAR 13: failed to assign [io  size 0x1000]
[    0.819737] pci 0000:00:16.7: BAR 13: no space for [io  size 0x1000]
[    0.819738] pci 0000:00:16.7: BAR 13: failed to assign [io  size 0x1000]
[    0.819740] pci 0000:00:17.3: BAR 13: no space for [io  size 0x1000]
[    0.819741] pci 0000:00:17.3: BAR 13: failed to assign [io  size 0x1000]
[    0.819742] pci 0000:00:17.4: BAR 13: no space for [io  size 0x1000]
[    0.819743] pci 0000:00:17.4: BAR 13: failed to assign [io  size 0x1000]
[    0.819745] pci 0000:00:17.5: BAR 13: no space for [io  size 0x1000]
[    0.819745] pci 0000:00:17.5: BAR 13: failed to assign [io  size 0x1000]
[    0.819747] pci 0000:00:17.6: BAR 13: no space for [io  size 0x1000]
[    0.819748] pci 0000:00:17.6: BAR 13: failed to assign [io  size 0x1000]
[    0.819749] pci 0000:00:17.7: BAR 13: no space for [io  size 0x1000]
[    0.819750] pci 0000:00:17.7: BAR 13: failed to assign [io  size 0x1000]
[    0.819752] pci 0000:00:18.2: BAR 13: no space for [io  size 0x1000]
[    0.819753] pci 0000:00:18.2: BAR 13: failed to assign [io  size 0x1000]
[    0.819754] pci 0000:00:18.3: BAR 13: no space for [io  size 0x1000]
[    0.819755] pci 0000:00:18.3: BAR 13: failed to assign [io  size 0x1000]
[    0.819757] pci 0000:00:18.4: BAR 13: no space for [io  size 0x1000]
[    0.819757] pci 0000:00:18.4: BAR 13: failed to assign [io  size 0x1000]
[    0.819759] pci 0000:00:18.5: BAR 13: no space for [io  size 0x1000]
[    0.819760] pci 0000:00:18.5: BAR 13: failed to assign [io  size 0x1000]
[    0.819761] pci 0000:00:18.6: BAR 13: no space for [io  size 0x1000]
[    0.819762] pci 0000:00:18.6: BAR 13: failed to assign [io  size 0x1000]
[    0.819764] pci 0000:00:18.7: BAR 13: no space for [io  size 0x1000]
[    0.819765] pci 0000:00:18.7: BAR 13: failed to assign [io  size 0x1000]
[    0.819769] pci 0000:00:18.7: BAR 13: no space for [io  size 0x1000]
[    0.819769] pci 0000:00:18.7: BAR 13: failed to assign [io  size 0x1000]
[    0.819771] pci 0000:00:18.6: BAR 13: no space for [io  size 0x1000]
[    0.819772] pci 0000:00:18.6: BAR 13: failed to assign [io  size 0x1000]
[    0.819774] pci 0000:00:18.5: BAR 13: no space for [io  size 0x1000]
[    0.819774] pci 0000:00:18.5: BAR 13: failed to assign [io  size 0x1000]
[    0.819776] pci 0000:00:18.4: BAR 13: no space for [io  size 0x1000]
[    0.819777] pci 0000:00:18.4: BAR 13: failed to assign [io  size 0x1000]
[    0.819778] pci 0000:00:18.3: BAR 13: no space for [io  size 0x1000]
[    0.819779] pci 0000:00:18.3: BAR 13: failed to assign [io  size 0x1000]
[    0.819781] pci 0000:00:18.2: BAR 13: no space for [io  size 0x1000]
[    0.819782] pci 0000:00:18.2: BAR 13: failed to assign [io  size 0x1000]
[    0.819783] pci 0000:00:17.7: BAR 13: no space for [io  size 0x1000]
[    0.819784] pci 0000:00:17.7: BAR 13: failed to assign [io  size 0x1000]
[    0.819786] pci 0000:00:17.6: BAR 13: no space for [io  size 0x1000]
[    0.819787] pci 0000:00:17.6: BAR 13: failed to assign [io  size 0x1000]
[    0.819788] pci 0000:00:17.5: BAR 13: no space for [io  size 0x1000]
[    0.819789] pci 0000:00:17.5: BAR 13: failed to assign [io  size 0x1000]
[    0.819791] pci 0000:00:17.4: BAR 13: no space for [io  size 0x1000]
[    0.819791] pci 0000:00:17.4: BAR 13: failed to assign [io  size 0x1000]
[    0.819793] pci 0000:00:17.3: BAR 13: no space for [io  size 0x1000]
[    0.819794] pci 0000:00:17.3: BAR 13: failed to assign [io  size 0x1000]
[    0.819795] pci 0000:00:16.7: BAR 13: no space for [io  size 0x1000]
[    0.819796] pci 0000:00:16.7: BAR 13: failed to assign [io  size 0x1000]
[    0.819798] pci 0000:00:16.6: BAR 13: no space for [io  size 0x1000]
[    0.819799] pci 0000:00:16.6: BAR 13: failed to assign [io  size 0x1000]
[    0.819800] pci 0000:00:16.5: BAR 13: no space for [io  size 0x1000]
[    0.819801] pci 0000:00:16.5: BAR 13: failed to assign [io  size 0x1000]
[    0.819803] pci 0000:00:16.4: BAR 13: no space for [io  size 0x1000]
[    0.819803] pci 0000:00:16.4: BAR 13: failed to assign [io  size 0x1000]
[    0.819805] pci 0000:00:16.3: BAR 13: no space for [io  size 0x1000]
[    0.819806] pci 0000:00:16.3: BAR 13: failed to assign [io  size 0x1000]
[    0.819807] pci 0000:00:15.7: BAR 13: no space for [io  size 0x1000]
[    0.819808] pci 0000:00:15.7: BAR 13: failed to assign [io  size 0x1000]
[    0.819810] pci 0000:00:15.6: BAR 13: no space for [io  size 0x1000]
[    0.819811] pci 0000:00:15.6: BAR 13: failed to assign [io  size 0x1000]
[    0.819812] pci 0000:00:15.5: BAR 13: no space for [io  size 0x1000]
[    0.819813] pci 0000:00:15.5: BAR 13: failed to assign [io  size 0x1000]
[    0.819814] pci 0000:00:15.4: BAR 13: no space for [io  size 0x1000]
[    0.819815] pci 0000:00:15.4: BAR 13: failed to assign [io  size 0x1000]
[    0.819817] pci 0000:00:15.3: BAR 13: no space for [io  size 0x1000]
[    0.819818] pci 0000:00:15.3: BAR 13: failed to assign [io  size 0x1000]
[    0.819820] pci 0000:00:01.0: PCI bridge to [bus 01]
[    0.819925] pci 0000:02:01.0: BAR 6: assigned [mem 0xfd500000-0xfd50ffff pref]
[    0.819927] pci 0000:02:05.0: BAR 6: assigned [mem 0xfd510000-0xfd51ffff pref]
[    0.819928] pci 0000:00:11.0: PCI bridge to [bus 02]
[    0.819951] pci 0000:00:11.0:   bridge window [io  0x2000-0x3fff]
[    0.819986] pci 0000:00:11.0:   bridge window [mem 0xfd500000-0xfdffffff]
[    0.820019] pci 0000:00:11.0:   bridge window [mem 0xe7b00000-0xe7ffffff 64bit pref]
[    0.820065] pci 0000:00:15.0: PCI bridge to [bus 03]
[    0.820077] pci 0000:00:15.0:   bridge window [io  0x4000-0x4fff]
[    0.820112] pci 0000:00:15.0:   bridge window [mem 0xfd400000-0xfd4fffff]
[    0.820135] pci 0000:00:15.0:   bridge window [mem 0xe7a00000-0xe7afffff 64bit pref]
[    0.820225] pci 0000:00:15.1: PCI bridge to [bus 04]
[    0.820239] pci 0000:00:15.1:   bridge window [io  0x8000-0x8fff]
[    0.820273] pci 0000:00:15.1:   bridge window [mem 0xfd000000-0xfd0fffff]
[    0.820296] pci 0000:00:15.1:   bridge window [mem 0xe7600000-0xe76fffff 64bit pref]
[    0.820360] pci 0000:00:15.2: PCI bridge to [bus 05]
[    0.820374] pci 0000:00:15.2:   bridge window [io  0xc000-0xcfff]
[    0.820408] pci 0000:00:15.2:   bridge window [mem 0xfcc00000-0xfccfffff]
[    0.820431] pci 0000:00:15.2:   bridge window [mem 0xe7200000-0xe72fffff 64bit pref]
[    0.820494] pci 0000:00:15.3: PCI bridge to [bus 06]
[    0.820529] pci 0000:00:15.3:   bridge window [mem 0xfc800000-0xfc8fffff]
[    0.820552] pci 0000:00:15.3:   bridge window [mem 0xe6e00000-0xe6efffff 64bit pref]
[    0.820615] pci 0000:00:15.4: PCI bridge to [bus 07]
[    0.820650] pci 0000:00:15.4:   bridge window [mem 0xfc400000-0xfc4fffff]
[    0.820673] pci 0000:00:15.4:   bridge window [mem 0xe6a00000-0xe6afffff 64bit pref]
[    0.820735] pci 0000:00:15.5: PCI bridge to [bus 08]
[    0.820770] pci 0000:00:15.5:   bridge window [mem 0xfc000000-0xfc0fffff]
[    0.820793] pci 0000:00:15.5:   bridge window [mem 0xe6600000-0xe66fffff 64bit pref]
[    0.820855] pci 0000:00:15.6: PCI bridge to [bus 09]
[    0.820890] pci 0000:00:15.6:   bridge window [mem 0xfbc00000-0xfbcfffff]
[    0.820913] pci 0000:00:15.6:   bridge window [mem 0xe6200000-0xe62fffff 64bit pref]
[    0.820979] pci 0000:00:15.7: PCI bridge to [bus 0a]
[    0.821013] pci 0000:00:15.7:   bridge window [mem 0xfb800000-0xfb8fffff]
[    0.821037] pci 0000:00:15.7:   bridge window [mem 0xe5e00000-0xe5efffff 64bit pref]
[    0.821099] pci 0000:00:16.0: PCI bridge to [bus 0b]
[    0.821112] pci 0000:00:16.0:   bridge window [io  0x5000-0x5fff]
[    0.821146] pci 0000:00:16.0:   bridge window [mem 0xfd300000-0xfd3fffff]
[    0.821169] pci 0000:00:16.0:   bridge window [mem 0xe7900000-0xe79fffff 64bit pref]
[    0.821232] pci 0000:00:16.1: PCI bridge to [bus 0c]
[    0.821245] pci 0000:00:16.1:   bridge window [io  0x9000-0x9fff]
[    0.821279] pci 0000:00:16.1:   bridge window [mem 0xfcf00000-0xfcffffff]
[    0.821302] pci 0000:00:16.1:   bridge window [mem 0xe7500000-0xe75fffff 64bit pref]
[    0.821364] pci 0000:00:16.2: PCI bridge to [bus 0d]
[    0.821377] pci 0000:00:16.2:   bridge window [io  0xd000-0xdfff]
[    0.821412] pci 0000:00:16.2:   bridge window [mem 0xfcb00000-0xfcbfffff]
[    0.821435] pci 0000:00:16.2:   bridge window [mem 0xe7100000-0xe71fffff 64bit pref]
[    0.821497] pci 0000:00:16.3: PCI bridge to [bus 0e]
[    0.821532] pci 0000:00:16.3:   bridge window [mem 0xfc700000-0xfc7fffff]
[    0.821555] pci 0000:00:16.3:   bridge window [mem 0xe6d00000-0xe6dfffff 64bit pref]
[    0.821621] pci 0000:00:16.4: PCI bridge to [bus 0f]
[    0.821656] pci 0000:00:16.4:   bridge window [mem 0xfc300000-0xfc3fffff]
[    0.821679] pci 0000:00:16.4:   bridge window [mem 0xe6900000-0xe69fffff 64bit pref]
[    0.821741] pci 0000:00:16.5: PCI bridge to [bus 10]
[    0.821776] pci 0000:00:16.5:   bridge window [mem 0xfbf00000-0xfbffffff]
[    0.821799] pci 0000:00:16.5:   bridge window [mem 0xe6500000-0xe65fffff 64bit pref]
[    0.821861] pci 0000:00:16.6: PCI bridge to [bus 11]
[    0.821896] pci 0000:00:16.6:   bridge window [mem 0xfbb00000-0xfbbfffff]
[    0.821919] pci 0000:00:16.6:   bridge window [mem 0xe6100000-0xe61fffff 64bit pref]
[    0.821992] pci 0000:00:16.7: PCI bridge to [bus 12]
[    0.822027] pci 0000:00:16.7:   bridge window [mem 0xfb700000-0xfb7fffff]
[    0.822050] pci 0000:00:16.7:   bridge window [mem 0xe5d00000-0xe5dfffff 64bit pref]
[    0.822112] pci 0000:00:17.0: PCI bridge to [bus 13]
[    0.822125] pci 0000:00:17.0:   bridge window [io  0x6000-0x6fff]
[    0.822159] pci 0000:00:17.0:   bridge window [mem 0xfd200000-0xfd2fffff]
[    0.822182] pci 0000:00:17.0:   bridge window [mem 0xe7800000-0xe78fffff 64bit pref]
[    0.822245] pci 0000:00:17.1: PCI bridge to [bus 14]
[    0.822258] pci 0000:00:17.1:   bridge window [io  0xa000-0xafff]
[    0.822292] pci 0000:00:17.1:   bridge window [mem 0xfce00000-0xfcefffff]
[    0.822315] pci 0000:00:17.1:   bridge window [mem 0xe7400000-0xe74fffff 64bit pref]
[    0.822377] pci 0000:00:17.2: PCI bridge to [bus 15]
[    0.822390] pci 0000:00:17.2:   bridge window [io  0xe000-0xefff]
[    0.822424] pci 0000:00:17.2:   bridge window [mem 0xfca00000-0xfcafffff]
[    0.822447] pci 0000:00:17.2:   bridge window [mem 0xe7000000-0xe70fffff 64bit pref]
[    0.822509] pci 0000:00:17.3: PCI bridge to [bus 16]
[    0.822544] pci 0000:00:17.3:   bridge window [mem 0xfc600000-0xfc6fffff]
[    0.822567] pci 0000:00:17.3:   bridge window [mem 0xe6c00000-0xe6cfffff 64bit pref]
[    0.822630] pci 0000:00:17.4: PCI bridge to [bus 17]
[    0.822665] pci 0000:00:17.4:   bridge window [mem 0xfc200000-0xfc2fffff]
[    0.822688] pci 0000:00:17.4:   bridge window [mem 0xe6800000-0xe68fffff 64bit pref]
[    0.822750] pci 0000:00:17.5: PCI bridge to [bus 18]
[    0.822785] pci 0000:00:17.5:   bridge window [mem 0xfbe00000-0xfbefffff]
[    0.822808] pci 0000:00:17.5:   bridge window [mem 0xe6400000-0xe64fffff 64bit pref]
[    0.822870] pci 0000:00:17.6: PCI bridge to [bus 19]
[    0.822905] pci 0000:00:17.6:   bridge window [mem 0xfba00000-0xfbafffff]
[    0.822949] pci 0000:00:17.6:   bridge window [mem 0xe6000000-0xe60fffff 64bit pref]
[    0.823014] pci 0000:00:17.7: PCI bridge to [bus 1a]
[    0.823049] pci 0000:00:17.7:   bridge window [mem 0xfb600000-0xfb6fffff]
[    0.823072] pci 0000:00:17.7:   bridge window [mem 0xe5c00000-0xe5cfffff 64bit pref]
[    0.823135] pci 0000:00:18.0: PCI bridge to [bus 1b]
[    0.823148] pci 0000:00:18.0:   bridge window [io  0x7000-0x7fff]
[    0.823182] pci 0000:00:18.0:   bridge window [mem 0xfd100000-0xfd1fffff]
[    0.823205] pci 0000:00:18.0:   bridge window [mem 0xe7700000-0xe77fffff 64bit pref]
[    0.823267] pci 0000:00:18.1: PCI bridge to [bus 1c]
[    0.823280] pci 0000:00:18.1:   bridge window [io  0xb000-0xbfff]
[    0.823314] pci 0000:00:18.1:   bridge window [mem 0xfcd00000-0xfcdfffff]
[    0.823337] pci 0000:00:18.1:   bridge window [mem 0xe7300000-0xe73fffff 64bit pref]
[    0.823400] pci 0000:00:18.2: PCI bridge to [bus 1d]
[    0.823435] pci 0000:00:18.2:   bridge window [mem 0xfc900000-0xfc9fffff]
[    0.823458] pci 0000:00:18.2:   bridge window [mem 0xe6f00000-0xe6ffffff 64bit pref]
[    0.823520] pci 0000:00:18.3: PCI bridge to [bus 1e]
[    0.823555] pci 0000:00:18.3:   bridge window [mem 0xfc500000-0xfc5fffff]
[    0.823578] pci 0000:00:18.3:   bridge window [mem 0xe6b00000-0xe6bfffff 64bit pref]
[    0.823642] pci 0000:00:18.4: PCI bridge to [bus 1f]
[    0.823677] pci 0000:00:18.4:   bridge window [mem 0xfc100000-0xfc1fffff]
[    0.823700] pci 0000:00:18.4:   bridge window [mem 0xe6700000-0xe67fffff 64bit pref]
[    0.823762] pci 0000:00:18.5: PCI bridge to [bus 20]
[    0.823797] pci 0000:00:18.5:   bridge window [mem 0xfbd00000-0xfbdfffff]
[    0.823820] pci 0000:00:18.5:   bridge window [mem 0xe6300000-0xe63fffff 64bit pref]
[    0.823882] pci 0000:00:18.6: PCI bridge to [bus 21]
[    0.823916] pci 0000:00:18.6:   bridge window [mem 0xfb900000-0xfb9fffff]
[    0.823942] pci 0000:00:18.6:   bridge window [mem 0xe5f00000-0xe5ffffff 64bit pref]
[    0.824014] pci 0000:00:18.7: PCI bridge to [bus 22]
[    0.824049] pci 0000:00:18.7:   bridge window [mem 0xfb500000-0xfb5fffff]
[    0.824073] pci 0000:00:18.7:   bridge window [mem 0xe5b00000-0xe5bfffff 64bit pref]
[    0.824136] pci_bus 0000:00: resource 4 [mem 0x000a0000-0x000bffff window]
[    0.824137] pci_bus 0000:00: resource 5 [mem 0x000d0000-0x000d3fff window]
[    0.824138] pci_bus 0000:00: resource 6 [mem 0x000d4000-0x000d7fff window]
[    0.824139] pci_bus 0000:00: resource 7 [mem 0x000d8000-0x000dbfff window]
[    0.824140] pci_bus 0000:00: resource 8 [mem 0xc0000000-0xfebfffff window]
[    0.824141] pci_bus 0000:00: resource 9 [io  0x0000-0x0cf7 window]
[    0.824142] pci_bus 0000:00: resource 10 [io  0x0d00-0xfeff window]
[    0.824143] pci_bus 0000:02: resource 0 [io  0x2000-0x3fff]
[    0.824144] pci_bus 0000:02: resource 1 [mem 0xfd500000-0xfdffffff]
[    0.824145] pci_bus 0000:02: resource 2 [mem 0xe7b00000-0xe7ffffff 64bit pref]
[    0.824146] pci_bus 0000:02: resource 4 [mem 0x000a0000-0x000bffff window]
[    0.824147] pci_bus 0000:02: resource 5 [mem 0x000d0000-0x000d3fff window]
[    0.824148] pci_bus 0000:02: resource 6 [mem 0x000d4000-0x000d7fff window]
[    0.824149] pci_bus 0000:02: resource 7 [mem 0x000d8000-0x000dbfff window]
[    0.824150] pci_bus 0000:02: resource 8 [mem 0xc0000000-0xfebfffff window]
[    0.824151] pci_bus 0000:02: resource 9 [io  0x0000-0x0cf7 window]
[    0.824152] pci_bus 0000:02: resource 10 [io  0x0d00-0xfeff window]
[    0.824153] pci_bus 0000:03: resource 0 [io  0x4000-0x4fff]
[    0.824154] pci_bus 0000:03: resource 1 [mem 0xfd400000-0xfd4fffff]
[    0.824155] pci_bus 0000:03: resource 2 [mem 0xe7a00000-0xe7afffff 64bit pref]
[    0.824156] pci_bus 0000:04: resource 0 [io  0x8000-0x8fff]
[    0.824156] pci_bus 0000:04: resource 1 [mem 0xfd000000-0xfd0fffff]
[    0.824157] pci_bus 0000:04: resource 2 [mem 0xe7600000-0xe76fffff 64bit pref]
[    0.824158] pci_bus 0000:05: resource 0 [io  0xc000-0xcfff]
[    0.824159] pci_bus 0000:05: resource 1 [mem 0xfcc00000-0xfccfffff]
[    0.824160] pci_bus 0000:05: resource 2 [mem 0xe7200000-0xe72fffff 64bit pref]
[    0.824161] pci_bus 0000:06: resource 1 [mem 0xfc800000-0xfc8fffff]
[    0.824162] pci_bus 0000:06: resource 2 [mem 0xe6e00000-0xe6efffff 64bit pref]
[    0.824163] pci_bus 0000:07: resource 1 [mem 0xfc400000-0xfc4fffff]
[    0.824164] pci_bus 0000:07: resource 2 [mem 0xe6a00000-0xe6afffff 64bit pref]
[    0.824165] pci_bus 0000:08: resource 1 [mem 0xfc000000-0xfc0fffff]
[    0.824166] pci_bus 0000:08: resource 2 [mem 0xe6600000-0xe66fffff 64bit pref]
[    0.824167] pci_bus 0000:09: resource 1 [mem 0xfbc00000-0xfbcfffff]
[    0.824168] pci_bus 0000:09: resource 2 [mem 0xe6200000-0xe62fffff 64bit pref]
[    0.824169] pci_bus 0000:0a: resource 1 [mem 0xfb800000-0xfb8fffff]
[    0.824169] pci_bus 0000:0a: resource 2 [mem 0xe5e00000-0xe5efffff 64bit pref]
[    0.824170] pci_bus 0000:0b: resource 0 [io  0x5000-0x5fff]
[    0.824171] pci_bus 0000:0b: resource 1 [mem 0xfd300000-0xfd3fffff]
[    0.824172] pci_bus 0000:0b: resource 2 [mem 0xe7900000-0xe79fffff 64bit pref]
[    0.824173] pci_bus 0000:0c: resource 0 [io  0x9000-0x9fff]
[    0.824174] pci_bus 0000:0c: resource 1 [mem 0xfcf00000-0xfcffffff]
[    0.824175] pci_bus 0000:0c: resource 2 [mem 0xe7500000-0xe75fffff 64bit pref]
[    0.824176] pci_bus 0000:0d: resource 0 [io  0xd000-0xdfff]
[    0.824177] pci_bus 0000:0d: resource 1 [mem 0xfcb00000-0xfcbfffff]
[    0.824177] pci_bus 0000:0d: resource 2 [mem 0xe7100000-0xe71fffff 64bit pref]
[    0.824178] pci_bus 0000:0e: resource 1 [mem 0xfc700000-0xfc7fffff]
[    0.824179] pci_bus 0000:0e: resource 2 [mem 0xe6d00000-0xe6dfffff 64bit pref]
[    0.824180] pci_bus 0000:0f: resource 1 [mem 0xfc300000-0xfc3fffff]
[    0.824181] pci_bus 0000:0f: resource 2 [mem 0xe6900000-0xe69fffff 64bit pref]
[    0.824182] pci_bus 0000:10: resource 1 [mem 0xfbf00000-0xfbffffff]
[    0.824183] pci_bus 0000:10: resource 2 [mem 0xe6500000-0xe65fffff 64bit pref]
[    0.824184] pci_bus 0000:11: resource 1 [mem 0xfbb00000-0xfbbfffff]
[    0.824185] pci_bus 0000:11: resource 2 [mem 0xe6100000-0xe61fffff 64bit pref]
[    0.824186] pci_bus 0000:12: resource 1 [mem 0xfb700000-0xfb7fffff]
[    0.824187] pci_bus 0000:12: resource 2 [mem 0xe5d00000-0xe5dfffff 64bit pref]
[    0.824188] pci_bus 0000:13: resource 0 [io  0x6000-0x6fff]
[    0.824188] pci_bus 0000:13: resource 1 [mem 0xfd200000-0xfd2fffff]
[    0.824189] pci_bus 0000:13: resource 2 [mem 0xe7800000-0xe78fffff 64bit pref]
[    0.824190] pci_bus 0000:14: resource 0 [io  0xa000-0xafff]
[    0.824191] pci_bus 0000:14: resource 1 [mem 0xfce00000-0xfcefffff]
[    0.824192] pci_bus 0000:14: resource 2 [mem 0xe7400000-0xe74fffff 64bit pref]
[    0.824193] pci_bus 0000:15: resource 0 [io  0xe000-0xefff]
[    0.824194] pci_bus 0000:15: resource 1 [mem 0xfca00000-0xfcafffff]
[    0.824195] pci_bus 0000:15: resource 2 [mem 0xe7000000-0xe70fffff 64bit pref]
[    0.824196] pci_bus 0000:16: resource 1 [mem 0xfc600000-0xfc6fffff]
[    0.824196] pci_bus 0000:16: resource 2 [mem 0xe6c00000-0xe6cfffff 64bit pref]
[    0.824197] pci_bus 0000:17: resource 1 [mem 0xfc200000-0xfc2fffff]
[    0.824198] pci_bus 0000:17: resource 2 [mem 0xe6800000-0xe68fffff 64bit pref]
[    0.824199] pci_bus 0000:18: resource 1 [mem 0xfbe00000-0xfbefffff]
[    0.824200] pci_bus 0000:18: resource 2 [mem 0xe6400000-0xe64fffff 64bit pref]
[    0.824201] pci_bus 0000:19: resource 1 [mem 0xfba00000-0xfbafffff]
[    0.824202] pci_bus 0000:19: resource 2 [mem 0xe6000000-0xe60fffff 64bit pref]
[    0.824203] pci_bus 0000:1a: resource 1 [mem 0xfb600000-0xfb6fffff]
[    0.824204] pci_bus 0000:1a: resource 2 [mem 0xe5c00000-0xe5cfffff 64bit pref]
[    0.824205] pci_bus 0000:1b: resource 0 [io  0x7000-0x7fff]
[    0.824206] pci_bus 0000:1b: resource 1 [mem 0xfd100000-0xfd1fffff]
[    0.824207] pci_bus 0000:1b: resource 2 [mem 0xe7700000-0xe77fffff 64bit pref]
[    0.824208] pci_bus 0000:1c: resource 0 [io  0xb000-0xbfff]
[    0.824208] pci_bus 0000:1c: resource 1 [mem 0xfcd00000-0xfcdfffff]
[    0.824209] pci_bus 0000:1c: resource 2 [mem 0xe7300000-0xe73fffff 64bit pref]
[    0.824210] pci_bus 0000:1d: resource 1 [mem 0xfc900000-0xfc9fffff]
[    0.824211] pci_bus 0000:1d: resource 2 [mem 0xe6f00000-0xe6ffffff 64bit pref]
[    0.824212] pci_bus 0000:1e: resource 1 [mem 0xfc500000-0xfc5fffff]
[    0.824213] pci_bus 0000:1e: resource 2 [mem 0xe6b00000-0xe6bfffff 64bit pref]
[    0.824214] pci_bus 0000:1f: resource 1 [mem 0xfc100000-0xfc1fffff]
[    0.824215] pci_bus 0000:1f: resource 2 [mem 0xe6700000-0xe67fffff 64bit pref]
[    0.824216] pci_bus 0000:20: resource 1 [mem 0xfbd00000-0xfbdfffff]
[    0.824217] pci_bus 0000:20: resource 2 [mem 0xe6300000-0xe63fffff 64bit pref]
[    0.824218] pci_bus 0000:21: resource 1 [mem 0xfb900000-0xfb9fffff]
[    0.824218] pci_bus 0000:21: resource 2 [mem 0xe5f00000-0xe5ffffff 64bit pref]
[    0.824219] pci_bus 0000:22: resource 1 [mem 0xfb500000-0xfb5fffff]
[    0.824220] pci_bus 0000:22: resource 2 [mem 0xe5b00000-0xe5bfffff 64bit pref]
[    0.824463] NET: Registered protocol family 2
[    0.826541] TCP established hash table entries: 65536 (order: 7, 524288 bytes)
[    0.829347] TCP bind hash table entries: 65536 (order: 8, 1048576 bytes)
[    0.834541] TCP: Hash tables configured (established 65536 bind 65536)
[    0.836323] UDP hash table entries: 4096 (order: 5, 131072 bytes)
[    0.836988] UDP-Lite hash table entries: 4096 (order: 5, 131072 bytes)
[    0.838951] NET: Registered protocol family 1
[    0.838958] pci 0000:00:00.0: Limiting direct PCI/PCI transfers
[    0.839067] pci 0000:00:0f.0: Video device with shadowed ROM at [mem 0x000c0000-0x000dffff]
[    0.840595] PCI: CLS mismatch (32 != 64), using 64 bytes
[    0.841592] Unpacking initramfs...
[    1.926281] Freeing initrd memory: 37840K
[    1.926358] PCI-DMA: Using software bounce buffering for IO (SWIOTLB)
[    1.926360] software IO TLB [mem 0xbbed0000-0xbfed0000] (64MB) mapped at [        (ptrval)-        (ptrval)]
[    1.926439] Scanning for low memory corruption every 60 seconds
[    1.930331] Initialise system trusted keyrings
[    1.930338] Key type blacklist registered
[    1.930600] workingset: timestamp_bits=36 max_order=21 bucket_order=0
[    1.933400] zbud: loaded
[    1.934620] squashfs: version 4.0 (2009/01/31) Phillip Lougher
[    1.936292] fuse init (API version 7.26)
[    1.949619] Key type asymmetric registered
[    1.949622] Asymmetric key parser 'x509' registered
[    1.949875] Block layer SCSI generic (bsg) driver version 0.4 loaded (major 246)
[    1.951060] io scheduler noop registered
[    1.951061] io scheduler deadline registered
[    1.951135] io scheduler cfq registered (default)
[    1.977332] pcieport 0000:00:15.0: Signaling PME with IRQ 25
[    1.977487] pcieport 0000:00:15.1: Signaling PME with IRQ 26
[    1.977639] pcieport 0000:00:15.2: Signaling PME with IRQ 27
[    1.977792] pcieport 0000:00:15.3: Signaling PME with IRQ 28
[    1.978066] pcieport 0000:00:15.4: Signaling PME with IRQ 29
[    1.978264] pcieport 0000:00:15.5: Signaling PME with IRQ 30
[    1.978453] pcieport 0000:00:15.6: Signaling PME with IRQ 31
[    1.978643] pcieport 0000:00:15.7: Signaling PME with IRQ 32
[    1.978925] pcieport 0000:00:16.0: Signaling PME with IRQ 33
[    1.979125] pcieport 0000:00:16.1: Signaling PME with IRQ 34
[    1.979324] pcieport 0000:00:16.2: Signaling PME with IRQ 35
[    1.979521] pcieport 0000:00:16.3: Signaling PME with IRQ 36
[    1.979718] pcieport 0000:00:16.4: Signaling PME with IRQ 37
[    1.980094] pcieport 0000:00:16.5: Signaling PME with IRQ 38
[    1.980389] pcieport 0000:00:16.6: Signaling PME with IRQ 39
[    1.980667] pcieport 0000:00:16.7: Signaling PME with IRQ 40
[    1.980953] pcieport 0000:00:17.0: Signaling PME with IRQ 41
[    1.981113] pcieport 0000:00:17.1: Signaling PME with IRQ 42
[    1.981466] pcieport 0000:00:17.2: Signaling PME with IRQ 43
[    1.981722] pcieport 0000:00:17.3: Signaling PME with IRQ 44
[    1.981998] pcieport 0000:00:17.4: Signaling PME with IRQ 45
[    1.982220] pcieport 0000:00:17.5: Signaling PME with IRQ 46
[    1.982448] pcieport 0000:00:17.6: Signaling PME with IRQ 47
[    1.982614] pcieport 0000:00:17.7: Signaling PME with IRQ 48
[    1.982797] pcieport 0000:00:18.0: Signaling PME with IRQ 49
[    1.983022] pcieport 0000:00:18.1: Signaling PME with IRQ 50
[    1.983221] pcieport 0000:00:18.2: Signaling PME with IRQ 51
[    1.983486] pcieport 0000:00:18.3: Signaling PME with IRQ 52
[    1.983750] pcieport 0000:00:18.4: Signaling PME with IRQ 53
[    1.983957] pcieport 0000:00:18.5: Signaling PME with IRQ 54
[    1.984126] pcieport 0000:00:18.6: Signaling PME with IRQ 55
[    1.984277] pcieport 0000:00:18.7: Signaling PME with IRQ 56
[    1.984402] pciehp 0000:00:15.0:pcie004: Slot #160 AttnBtn+ PwrCtrl+ MRL- AttnInd- PwrInd- HotPlug+ Surprise- Interlock- NoCompl+ LLActRep+
[    1.984566] pciehp 0000:00:15.1:pcie004: Slot #161 AttnBtn+ PwrCtrl+ MRL- AttnInd- PwrInd- HotPlug+ Surprise- Interlock- NoCompl+ LLActRep+
[    1.984671] pciehp 0000:00:15.2:pcie004: Slot #162 AttnBtn+ PwrCtrl+ MRL- AttnInd- PwrInd- HotPlug+ Surprise- Interlock- NoCompl+ LLActRep+
[    1.984774] pciehp 0000:00:15.3:pcie004: Slot #163 AttnBtn+ PwrCtrl+ MRL- AttnInd- PwrInd- HotPlug+ Surprise- Interlock- NoCompl+ LLActRep+
[    1.984887] pciehp 0000:00:15.4:pcie004: Slot #164 AttnBtn+ PwrCtrl+ MRL- AttnInd- PwrInd- HotPlug+ Surprise- Interlock- NoCompl+ LLActRep+
[    1.984991] pciehp 0000:00:15.5:pcie004: Slot #165 AttnBtn+ PwrCtrl+ MRL- AttnInd- PwrInd- HotPlug+ Surprise- Interlock- NoCompl+ LLActRep+
[    1.985093] pciehp 0000:00:15.6:pcie004: Slot #166 AttnBtn+ PwrCtrl+ MRL- AttnInd- PwrInd- HotPlug+ Surprise- Interlock- NoCompl+ LLActRep+
[    1.985196] pciehp 0000:00:15.7:pcie004: Slot #167 AttnBtn+ PwrCtrl+ MRL- AttnInd- PwrInd- HotPlug+ Surprise- Interlock- NoCompl+ LLActRep+
[    1.985299] pciehp 0000:00:16.0:pcie004: Slot #192 AttnBtn+ PwrCtrl+ MRL- AttnInd- PwrInd- HotPlug+ Surprise- Interlock- NoCompl+ LLActRep+
[    1.985449] pciehp 0000:00:16.1:pcie004: Slot #193 AttnBtn+ PwrCtrl+ MRL- AttnInd- PwrInd- HotPlug+ Surprise- Interlock- NoCompl+ LLActRep+
[    1.985553] pciehp 0000:00:16.2:pcie004: Slot #194 AttnBtn+ PwrCtrl+ MRL- AttnInd- PwrInd- HotPlug+ Surprise- Interlock- NoCompl+ LLActRep+
[    1.985656] pciehp 0000:00:16.3:pcie004: Slot #195 AttnBtn+ PwrCtrl+ MRL- AttnInd- PwrInd- HotPlug+ Surprise- Interlock- NoCompl+ LLActRep+
[    1.985758] pciehp 0000:00:16.4:pcie004: Slot #196 AttnBtn+ PwrCtrl+ MRL- AttnInd- PwrInd- HotPlug+ Surprise- Interlock- NoCompl+ LLActRep+
[    1.986000] pciehp 0000:00:16.5:pcie004: Slot #197 AttnBtn+ PwrCtrl+ MRL- AttnInd- PwrInd- HotPlug+ Surprise- Interlock- NoCompl+ LLActRep+
[    1.986178] pciehp 0000:00:16.6:pcie004: Slot #198 AttnBtn+ PwrCtrl+ MRL- AttnInd- PwrInd- HotPlug+ Surprise- Interlock- NoCompl+ LLActRep+
[    1.986319] pciehp 0000:00:16.7:pcie004: Slot #199 AttnBtn+ PwrCtrl+ MRL- AttnInd- PwrInd- HotPlug+ Surprise- Interlock- NoCompl+ LLActRep+
[    1.986438] pciehp 0000:00:17.0:pcie004: Slot #224 AttnBtn+ PwrCtrl+ MRL- AttnInd- PwrInd- HotPlug+ Surprise- Interlock- NoCompl+ LLActRep+
[    1.986554] pciehp 0000:00:17.1:pcie004: Slot #225 AttnBtn+ PwrCtrl+ MRL- AttnInd- PwrInd- HotPlug+ Surprise- Interlock- NoCompl+ LLActRep+
[    1.986670] pciehp 0000:00:17.2:pcie004: Slot #226 AttnBtn+ PwrCtrl+ MRL- AttnInd- PwrInd- HotPlug+ Surprise- Interlock- NoCompl+ LLActRep+
[    1.986866] pciehp 0000:00:17.3:pcie004: Slot #227 AttnBtn+ PwrCtrl+ MRL- AttnInd- PwrInd- HotPlug+ Surprise- Interlock- NoCompl+ LLActRep+
[    1.986970] pciehp 0000:00:17.4:pcie004: Slot #228 AttnBtn+ PwrCtrl+ MRL- AttnInd- PwrInd- HotPlug+ Surprise- Interlock- NoCompl+ LLActRep+
[    1.987120] pciehp 0000:00:17.5:pcie004: Slot #229 AttnBtn+ PwrCtrl+ MRL- AttnInd- PwrInd- HotPlug+ Surprise- Interlock- NoCompl+ LLActRep+
[    1.987224] pciehp 0000:00:17.6:pcie004: Slot #230 AttnBtn+ PwrCtrl+ MRL- AttnInd- PwrInd- HotPlug+ Surprise- Interlock- NoCompl+ LLActRep+
[    1.987326] pciehp 0000:00:17.7:pcie004: Slot #231 AttnBtn+ PwrCtrl+ MRL- AttnInd- PwrInd- HotPlug+ Surprise- Interlock- NoCompl+ LLActRep+
[    1.987429] pciehp 0000:00:18.0:pcie004: Slot #256 AttnBtn+ PwrCtrl+ MRL- AttnInd- PwrInd- HotPlug+ Surprise- Interlock- NoCompl+ LLActRep+
[    1.987531] pciehp 0000:00:18.1:pcie004: Slot #257 AttnBtn+ PwrCtrl+ MRL- AttnInd- PwrInd- HotPlug+ Surprise- Interlock- NoCompl+ LLActRep+
[    1.987633] pciehp 0000:00:18.2:pcie004: Slot #258 AttnBtn+ PwrCtrl+ MRL- AttnInd- PwrInd- HotPlug+ Surprise- Interlock- NoCompl+ LLActRep+
[    1.987735] pciehp 0000:00:18.3:pcie004: Slot #259 AttnBtn+ PwrCtrl+ MRL- AttnInd- PwrInd- HotPlug+ Surprise- Interlock- NoCompl+ LLActRep+
[    1.987887] pciehp 0000:00:18.4:pcie004: Slot #260 AttnBtn+ PwrCtrl+ MRL- AttnInd- PwrInd- HotPlug+ Surprise- Interlock- NoCompl+ LLActRep+
[    1.987992] pciehp 0000:00:18.5:pcie004: Slot #261 AttnBtn+ PwrCtrl+ MRL- AttnInd- PwrInd- HotPlug+ Surprise- Interlock- NoCompl+ LLActRep+
[    1.988107] pciehp 0000:00:18.6:pcie004: Slot #262 AttnBtn+ PwrCtrl+ MRL- AttnInd- PwrInd- HotPlug+ Surprise- Interlock- NoCompl+ LLActRep+
[    1.988209] pciehp 0000:00:18.7:pcie004: Slot #263 AttnBtn+ PwrCtrl+ MRL- AttnInd- PwrInd- HotPlug+ Surprise- Interlock- NoCompl+ LLActRep+
[    1.988390] intel_idle: Please enable MWAIT in BIOS SETUP
[    1.988762] ACPI: AC Adapter [ACAD] (on-line)
[    1.988950] input: Power Button as /devices/LNXSYSTM:00/LNXPWRBN:00/input/input0
[    1.989073] ACPI: Power Button [PWRF]
[    1.990719] Serial: 8250/16550 driver, 32 ports, IRQ sharing enabled
[    2.015269] 00:05: ttyS0 at I/O 0x3f8 (irq = 4, base_baud = 115200) is a 16550A
[    2.023021] Linux agpgart interface v0.103
[    2.023164] agpgart-intel 0000:00:00.0: Intel 440BX Chipset
[    2.025556] agpgart-intel 0000:00:00.0: AGP aperture is 256M @ 0x0
[    2.064526] loop: module loaded
[    2.064698] ata_piix 0000:00:07.1: version 2.13
[    2.065997] scsi host0: ata_piix
[    2.066534] scsi host1: ata_piix
[    2.066621] ata1: PATA max UDMA/33 cmd 0x1f0 ctl 0x3f6 bmdma 0x1060 irq 14
[    2.066622] ata2: PATA max UDMA/33 cmd 0x170 ctl 0x376 bmdma 0x1068 irq 15
[    2.066778] libphy: Fixed MDIO Bus: probed
[    2.066779] tun: Universal TUN/TAP device driver, 1.6
[    2.066880] PPP generic driver version 2.4.2
[    2.067006] ehci_hcd: USB 2.0 'Enhanced' Host Controller (EHCI) Driver
[    2.067009] ehci-pci: EHCI PCI platform driver
[    2.067496] ehci-pci 0000:02:03.0: EHCI Host Controller
[    2.067500] ehci-pci 0000:02:03.0: new USB bus registered, assigned bus number 1
[    2.067700] ehci-pci 0000:02:03.0: cache line size of 64 is not supported
[    2.067719] ehci-pci 0000:02:03.0: irq 17, io mem 0xfd5ef000
[    2.080609] ehci-pci 0000:02:03.0: USB 2.0 started, EHCI 1.00
